root@zynq:~# 
root@zynq:~# 

U-Boot 2017.01 (Dec 27 2019 - 14:55:04 +0800)

Model: Zynq ALINX Development Board
Board: Xilinx Zynq
I2C:   ready
DRAM:  ECC disabled 512 MiB
MMC:   sdhci@e0100000: 0 (SD)
SF: Detected w25q256 with page size 256 Bytes, erase size 4 KiB, total 32 MiB
*** Warning - bad CRC, using default environment

In:    serial
Out:   serial
Err:   serial
Net:   ZYNQ GEM: e000b000, phyaddr 1, interface rgmii-id
eth0: ethernet@e000b000
U-BOOT for ax_peta

ethernet@e000b000 Waiting for PHY auto negotiation to complete......... TIMEOUT !
Hit any key to stop autoboot:  0 
Device: sdhci@e0100000
Manufacturer ID: fe
OEM: 3432
Name: SDTran Speed: 50000000
Rd Block Len: 512
SD version 3.0
High Capacity: Yes
Capacity: 29.5 GiB
Bus Width: 4-bit
Erase Group Size: 512 Bytes
reading image.ub
4054760 bytes read in 234 ms (16.5 MiB/s)
## Loading kernel from FIT Image at 10000000 ...
   Using 'conf@2' configuration
   Verifying Hash Integrity ... OK
   Trying 'kernel@0' kernel subimage
     Description:  Linux Kernel
     Type:         Kernel Image
     Compression:  uncompressed
     Data Start:   0x100000d4
     Data Size:    4033176 Bytes = 3.8 MiB
     Architecture: ARM
     OS:           Linux
     Load Address: 0x00008000
     Entry Point:  0x00008000
     Hash algo:    sha1
     Hash value:   e7d41650a9c27381fd71dcee33b8fc78ce5b473c
   Verifying Hash Integrity ... sha1+ OK
## Loading fdt from FIT Image at 10000000 ...
   Using 'conf@2' configuration
   Trying 'fdt@0' fdt subimage
     Description:  Flattened Device Tree blob
     Type:         Flat Device Tree
     Compression:  uncompressed
     Data Start:   0x103d8c60
     Data Size:    20289 Bytes = 19.8 KiB
     Architecture: ARM
     Hash algo:    sha1
     Hash value:   3c036b731a4ef12c3550233b8300d4612e04eab3
   Verifying Hash Integrity ... sha1+ OK
   Booting using the fdt blob at 0x103d8c60
   Loading Kernel Image ... OK
   Loading Device Tree to 07ff8000, end 07ffff40 ... OK
Unable to update property &gem0:mac-address, err=FDT_ERR_BADPATH
Unable to update property &gem0:local-mac-address, err=FDT_ERR_BADPATH

Starting kernel ...

Uncompressing Linux... done, booting the kernel.
Booting Linux on physical CPU 0x0
Linux version 4.9.0-xilinx (alinx@ubuntu) (gcc version 6.2.1 20161016 (Linaro GCC 6.2-2016.11) ) #1 SMP PREEMPT Mon Dec 16 15:23:03 CST 2019
CPU: ARMv7 Processor [413fc090] revision 0 (ARMv7), cr=18c5387d
CPU: PIPT / VIPT nonaliasing data cache, VIPT aliasing instruction cache
OF: fdt:Machine model: Zynq ALINX Development Board
bootconsole [earlycon0] enabled
cma: Reserved 16 MiB at 0x1f000000
Memory policy: Data cache writealloc
percpu: Embedded 14 pages/cpu @debc7000 s25932 r8192 d23220 u57344
Built 1 zonelists in Zone order, mobility grouping on.  Total pages: 130048
Kernel command line: console=ttyPS0,115200 earlyprintk root=/dev/mmcblk0p2 rw rootwait
PID hash table entries: 2048 (order: 1, 8192 bytes)
Dentry cache hash table entries: 65536 (order: 6, 262144 bytes)
Inode-cache hash table entries: 32768 (order: 5, 131072 bytes)
Memory: 493000K/524288K available (6144K kernel code, 210K rwdata, 1532K rodata, 1024K init, 238K bss, 14904K reserved, 16384K cma-reserved, 0K highmem)
Virtual kernel memory layout:
    vector  : 0xffff0000 - 0xffff1000   (   4 kB)
    fixmap  : 0xffc00000 - 0xfff00000   (3072 kB)
    vmalloc : 0xe0800000 - 0xff800000   ( 496 MB)
    lowmem  : 0xc0000000 - 0xe0000000   ( 512 MB)
    pkmap   : 0xbfe00000 - 0xc0000000   (   2 MB)
    modules : 0xbf000000 - 0xbfe00000   (  14 MB)
      .text : 0xc0008000 - 0xc0700000   (7136 kB)
      .init : 0xc0900000 - 0xc0a00000   (1024 kB)
      .data : 0xc0a00000 - 0xc0a34a40   ( 211 kB)
       .bss : 0xc0a34a40 - 0xc0a70254   ( 239 kB)
Preemptible hierarchical RCU implementation.
        Build-time adjustment of leaf fanout to 32.
        RCU restricting CPUs from NR_CPUS=4 to nr_cpu_ids=2.
RCU: Adjusting geometry for rcu_fanout_leaf=32, nr_cpu_ids=2
NR_IRQS:16 nr_irqs:16 16
efuse mapped to e0800000
slcr mapped to e0802000
L2C: platform modifies aux control register: 0x72360000 -> 0x72760000
L2C: DT/platform modifies aux control register: 0x72360000 -> 0x72760000
L2C-310 erratum 769419 enabled
L2C-310 enabling early BRESP for Cortex-A9
L2C-310 full line of zeros enabled for Cortex-A9
L2C-310 ID prefetch enabled, offset 1 lines
L2C-310 dynamic clock gating enabled, standby mode enabled
L2C-310 cache controller enabled, 8 ways, 512 kB
L2C-310: CACHE_ID 0x410000c8, AUX_CTRL 0x76760001
zynq_clock_init: clkc starts at e0802100
Zynq clock init
sched_clock: 64 bits at 333MHz, resolution 3ns, wraps every 4398046511103ns
clocksource: arm_global_timer: mask: 0xffffffffffffffff max_cycles: 0x4ce07af025, max_idle_ns: 440795209040 ns
Switching to timer-based delay loop, resolution 3ns
clocksource: ttc_clocksource: mask: 0xffff max_cycles: 0xffff, max_idle_ns: 537538477 ns
timer #0 at e080a000, irq=17
Console: colour dummy device 80x30
Calibrating delay loop (skipped), value calculated using timer frequency.. 666.66 BogoMIPS (lpj=3333333)
pid_max: default: 32768 minimum: 301
Mount-cache hash table entries: 1024 (order: 0, 4096 bytes)
Mountpoint-cache hash table entries: 1024 (order: 0, 4096 bytes)
CPU: Testing write buffer coherency: ok
CPU0: thread -1, cpu 0, socket 0, mpidr 80000000
Setting up static identity map for 0x100000 - 0x100058
CPU1: thread -1, cpu 1, socket 0, mpidr 80000001
Brought up 2 CPUs
SMP: Total of 2 processors activated (1333.33 BogoMIPS).
CPU: All CPU(s) started in SVC mode.
devtmpfs: initialized
VFP support v0.3: implementor 41 architecture 3 part 30 variant 9 rev 4
clocksource: jiffies: mask: 0xffffffff max_cycles: 0xffffffff, max_idle_ns: 19112604462750000 ns
pinctrl core: initialized pinctrl subsystem
NET: Registered protocol family 16
DMA: preallocated 256 KiB pool for atomic coherent allocations
cpuidle: using governor menu
hw-breakpoint: found 5 (+1 reserved) breakpoint and 1 watchpoint registers.
hw-breakpoint: maximum watchpoint size is 4 bytes.
zynq-ocm f800c000.ocmc: ZYNQ OCM pool: 256 KiB @ 0xe0840000
zynq-pinctrl 700.pinctrl: zynq pinctrl initialized
e0001000.serial: ttyPS0 at MMIO 0xe0001000 (irq = 27, base_baud = 6249999) is a xuartps
`ttyPS0] enabled
console [ttyPS0] enabled
bootconsole [earlycon0] disabled
bootconsole [earlycon0] disabled
GPIO IRQ not connected
XGpio: /amba_pl/gpio@41200000: registered, base is 1020
GPIO IRQ not connected
XGpio: /amba_pl/gpio@41210000: registered, base is 1016
vgaarb: loaded
SCSI subsystem initialized
usbcore: registered new interface driver usbfs
usbcore: registered new interface driver hub
usbcore: registered new device driver usb
media: Linux media interface: v0.10
Linux video capture interface: v2.00
pps_core: LinuxPPS API ver. 1 registered
pps_core: Software ver. 5.3.6 - Copyright 2005-2007 Rodolfo Giometti <giometti@linux.it>
PTP clock support registered
EDAC MC: Ver: 3.0.0
FPGA manager framework
fpga-region fpga-full: FPGA Region probed
Advanced Linux Sound Architecture Driver Initialized.
clocksource: Switched to clocksource arm_global_timer
NET: Registered protocol family 2
TCP established hash table entries: 4096 (order: 2, 16384 bytes)
TCP bind hash table entries: 4096 (order: 3, 32768 bytes)
TCP: Hash tables configured (established 4096 bind 4096)
UDP hash table entries: 256 (order: 1, 8192 bytes)
UDP-Lite hash table entries: 256 (order: 1, 8192 bytes)
NET: Registered protocol family 1
RPC: Registered named UNIX socket transport module.
RPC: Registered udp transport module.
RPC: Registered tcp transport module.
RPC: Registered tcp NFSv4.1 backchannel transport module.
hw perfevents: enabled with armv7_cortex_a9 PMU driver, 7 counters available
futex hash table entries: 512 (order: 3, 32768 bytes)
workingset: timestamp_bits=30 max_order=17 bucket_order=0
jffs2: version 2.2. (NAND) (SUMMARY)  © 2001-2006 Red Hat, Inc.
io scheduler noop registered
io scheduler deadline registered
io scheduler cfq registered (default)
dma-pl330 f8003000.dmac: Loaded driver for PL330 DMAC-241330
dma-pl330 f8003000.dmac:        DBUFF-128x8bytes Num_Chans-8 Num_Peri-4 Num_Events-16
xilinx-vdma 43000000.dma: Xilinx AXI VDMA Engine Driver Probed!!
xdevcfg f8007000.devcfg: ioremap 0xf8007000 to e081c000
[drm] Initialized
[drm] load() is defered & will be called again
brd: module loaded
loop: module loaded
m25p80 spi0.0: found w25q256, expected m25p80
m25p80 spi0.0: failed to read ear reg
m25p80 spi0.0: w25q256 (32768 Kbytes)
4 ofpart partitions found on MTD device spi0.0
Creating 4 MTD partitions on "spi0.0":
0x000000000000-0x000000500000 : "boot"
0x000000500000-0x000000520000 : "bootenv"
0x000000520000-0x000000fa0000 : "kernel"
0x000000fa0000-0x000002000000 : "spare"
libphy: Fixed MDIO Bus: probed
CAN device driver interface
libphy: MACB_mii_bus: probed
macb e000b000.ethernet eth0: Cadence GEM rev 0x00020118 at 0xe000b000 irq 29 (00:0a:35:00:1e:53)
RTL8211E Gigabit Ethernet e000b000.etherne:01: attached PHY driver [RTL8211E Gigabit Ethernet] (mii_bus:phy_addr=e000b000.etherne:01, irq=-1)
e1000e: Intel(R) PRO/1000 Network Driver - 3.2.6-k
e1000e: Copyright(c) 1999 - 2015 Intel Corporation.
ehci_hcd: USB 2.0 'Enhanced' Host Controller (EHCI) Driver
ehci-pci: EHCI PCI platform driver
usbcore: registered new interface driver usb-storage
e0002000.usb supply vbus not found, using dummy regulator
ULPI transceiver vendor/product ID 0x0424/0x0007
Found SMSC USB3320 ULPI transceiver.
ULPI integrity check: passed.
ci_hdrc ci_hdrc.0: EHCI Host Controller
ci_hdrc ci_hdrc.0: new USB bus registered, assigned bus number 1
ci_hdrc ci_hdrc.0: USB 2.0 started, EHCI 1.00
hub 1-0:1.0: USB hub found
hub 1-0:1.0: 1 port detected
mousedev: PS/2 mouse device common for all mice
i2c /dev entries driver
cdns-i2c e0004000.i2c: 100 kHz mmio e0004000 irq 23
cdns-i2c e0005000.i2c: 100 kHz mmio e0005000 irq 24
uvcvideo: Unable to create debugfs directory
usbcore: registered new interface driver uvcvideo
USB Video Class driver (1.1.1)
cdns-wdt f8005000.watchdog: Xilinx Watchdog Timer at e092a000 with timeout 10s
EDAC MC: ECC not enabled
Xilinx Zynq CpuIdle Driver started
sdhci: Secure Digital Host Controller Interface driver
sdhci: Copyright(c) Pierre Ossman
sdhci-pltfm: SDHCI platform and OF driver helper
mmc0: SDHCI controller on e0100000.sdhci [e0100000.sdhci] using ADMA
ledtrig-cpu: registered to indicate activity on CPUs
usbcore: registered new interface driver usbhid
usbhid: USB HID core driver
NET: Registered protocol family 10
sit: IPv6, IPv4 and MPLS over IPv4 tunneling driver
NET: Registered protocol family 17
can: controller area network core (rev 20120528 abi 9)
NET: Registered protocol family 29
can: raw protocol (rev 20120528)
can: broadcast manager protocol (rev 20161123 t)
can: netlink gateway (rev 20130117) max_hops=1
Registering SWP/SWPB emulation handler
[drm] No max frequency in DT, using default 150000KHz
[drm] No max horizontal width in DT, using default 1920
[drm] No max vertical height in DT, using default 1080
OF: graph: no port node found in /amba_pl/xilinx_drm
[drm] Supports vblank timestamp caching Rev 2 (21.10.2013).
[drm] No driver support for vblank timestamp query.
mmc0: Problem switching card into high-speed mode!
mmc0: new SDHC card at address 0001
mmcblk0: mmc0:0001 SD 29.5 GiB 
xilinx-drm amba_pl:xilinx_drm: No connectors reported connected with modes
[drm] Cannot find any crtc or sizes - going 1024x768
 mmcblk0: p1 p2
Console: switching to colour frame buffer device 128x48
xilinx-drm amba_pl:xilinx_drm: fb0:  frame buffer device
[drm] Initialized xilinx_drm 1.0.0 20130509 on minor 0
hctosys: unable to open rtc device (rtc0)
of_cfs_init
of_cfs_init: OK
ALSA device list:
  No soundcards found.
EXT4-fs (mmcblk0p2): couldn't mount as ext3 due to feature incompatibilities
random: fast init done
EXT4-fs (mmcblk0p2): recovery complete
EXT4-fs (mmcblk0p2): mounted filesystem with ordered data mode. Opts: (null)
VFS: Mounted root (ext4 filesystem) on device 179:2.
devtmpfs: mounted
Freeing unused kernel memory: 1024K (c0900000 - c0a00000)
systemd[1]: systemd 215 running in system mode. (+PAM +AUDIT +SELINUX +IMA +SYSVINIT +LIBCRYPTSETUP +GCRYPT +ACL +XZ -SECCOMP -APPARMOR)
systemd[1]: Detected architecture 'arm'.

Welcome to Debian GNU/Linux 8 (jessie)!

systemd[1]: Failed to insert module 'autofs4'
systemd[1]: Set hostname to <zynq>.
systemd[1]: Cannot add dependency job for unit display-manager.service, ignoring: Unit display-manager.service failed to load: No such file or directory.
systemd[1]: Starting Forward Password Requests to Wall Directory Watch.
systemd[1]: Started Forward Password Requests to Wall Directory Watch.
systemd[1]: Expecting device dev-ttyPS0.device...
         Expecting device dev-ttyPS0.device...
systemd[1]: Starting Remote File Systems (Pre).
[  OK  ] Reached target Remote File Systems (Pre).
systemd[1]: Reached target Remote File Systems (Pre).
[  OK  ] Reached target Paths.
[  OK  ] Reached target Encrypted Volumes.
[  OK  ] Reached target Swap.
         Expecting device dev-mmcblk0p1.device...
[  OK  ] Created slice Root Slice.
[  OK  ] Created slice User and Session Slice.
[  OK  ] Listening on Delayed Shutdown Socket.
[  OK  ] Listening on /dev/initctl Compatibility Named Pipe.
[  OK  ] Listening on Journal Socket (/dev/log).
[  OK  ] Listening on udev Control Socket.
[  OK  ] Listening on udev Kernel Socket.
[  OK  ] Listening on Journal Socket.
[  OK  ] Created slice System Slice.
[  OK  ] Created slice system-systemd\x2dfsck.slice.
[  OK  ] Created slice system-getty.slice.
[  OK  ] Created slice system-serial\x2dgetty.slice.
         Starting Increase datagram queue length...
         Starting Restore / save the current clock...
         Starting Load Kernel Modules...
         Starting Create Static Device Nodes in /dev...
         Starting udev Coldplug all Devices...
[  OK  ] Reached target Slices.
[  OK  ] Started Increase datagram queue length.
[  OK  ] Started Restore / save the current clock.
[  OK  ] Started Load Kernel Modules.
[  OK  ] Started Create Static Device Nodes in /dev.
[  OK  ] Started udev Coldplug all Devices.
         Starting udev Kernel Device Manager...
         Starting Apply Kernel Variables...
systemd-udevd[1272]: starting version 215
         Mounting Configuration File System...
[  OK  ] Listening on Syslog Socket.
         Starting Journal Service...
[  OK  ] Started Journal Service.
[  OK  ] Mounted Configuration File System.
[  OK  ] Started udev Kernel Device Manager.
[  OK  ] Started Apply Kernel Variables.
[  OK  ] Found device /dev/ttyPS0.
         Starting Copy rules generated while the root was ro...
         Starting LSB: Set preliminary keymap...
[  OK  ] Started Copy rules generated while the root was ro.
[  OK  ] Started LSB: Set preliminary keymap.
[  OK  ] Found device /dev/mmcblk0p1.
         Starting File System Check on /dev/mmcblk0p1...
         Starting Remount Root and Kernel File Systems...
EXT4-fs (mmcblk0p2): re-mounted. Opts: errors=remount-ro
[  OK  ] Started Remount Root and Kernel File Systems.
         Starting Load/Save Random Seed...
[  OK  ] Reached target Local File Systems (Pre).
[  OK  ] Started Load/Save Random Seed.
systemd-fsck[1317]: fsck.fat 3.0.27 (2014-11-12)
systemd-fsck[1317]: 0x41: Dirty bit is set. Fs was not properly unmounted and some data may be corrupt.
systemd-fsck[1317]: Automatically removing dirty bit.
[  OK  ] Started File System Check on /dev/mmcblk0p1.
systemd-fsck[1317]: Performing changes.
         Mounting /boot...
systemd-fsck[1317]: /dev/mmcblk0p1: 6 files, 1358/92231 clusters
[  OK  ] Mounted /boot.
[  OK  ] Reached target Local File Systems.
         Starting Create Volatile Files and Directories...
         Starting LSB: Raise network interfaces....
[  OK  ] Reached target Remote File Systems.
         Starting Trigger Flushing of Journal to Persistent Storage...
         Starting LSB: Set console font and keymap...
[  OK  ] Started Create Volatile Files and Directories.
[  OK  ] Started LSB: Set console font and keymap.
systemd-journald[1287]: Received request to flush runtime journal from PID 1
[  OK  ] Started Trigger Flushing of Journal to Persistent Storage.
         Starting Update UTMP about System Boot/Shutdown...
[  OK  ] Started Update UTMP about System Boot/Shutdown.
[  OK  ] Started LSB: Raise network interfaces..
[  OK  ] Reached target Network.
[  OK  ] Reached target Network is Online.
         Starting LSB: RPC portmapper replacement...
[  OK  ] Started LSB: RPC portmapper replacement.
[  OK  ] Reached target RPC Port Mapper.
         Starting LSB: NFS support files common to client and server...
[FAILED] Failed to start LSB: NFS support files common to client and server.
See 'systemctl status nfs-common.service' for details.
[  OK  ] Reached target System Initialization.
[  OK  ] Listening on D-Bus System Message Bus Socket.
[  OK  ] Reached target Sockets.
[  OK  ] Reached target Timers.
[  OK  ] Reached target Basic System.
         Starting OpenBSD Secure Shell server...
         Starting Network Manager...
         Starting Regular background program processing daemon...
[  OK  ] Started Regular background program processing daemon.
         Starting /etc/rc.local Compatibility...
         Starting Login Service...
         Starting LSB: Start NTP daemon...
         Starting LSB: Brings up/down network automatically...
         Starting D-Bus System Message Bus...
[  OK  ] Started D-Bus System Message Bus.
IPv6: ADDRCONF(NETDEV_UP): eth0: link is not ready
         Starting System Logging Service...
         Starting Permit User Sessions...
[  OK  ] Started OpenBSD Secure Shell server.
[  OK  ] Started /etc/rc.local Compatibility.
[  OK  ] Started LSB: Start NTP daemon.
[  OK  ] Started LSB: Brings up/down network automatically.
[  OK  ] Started Permit User Sessions.
         Starting Getty on tty1...
[  OK  ] Started Getty on tty1.
         Starting Serial Getty on ttyPS0...
[  OK  ] Started Serial Getty on ttyPS0.
[  OK  ] Reached target Login Prompts.
[  OK  ] Started System Logging Service.
[  OK  ] Started Login Service.
         Starting Authenticate and Authorize Users to Run Privileged Tasks...
[  OK  ] Started Authenticate and Authorize Users to Run Privileged Tasks.
[  OK  ] Started Network Manager.
[  OK  ] Reached target Multi-User System.
[  OK  ] Reached target Graphical Interface.
         Starting Update UTMP about System Runlevel Changes...
[  OK  ] Started Update UTMP about System Runlevel Changes.

Debian GNU/Linux 8 zynq ttyPS0

zynq login: root
Password: 
Last login: Thu Jan  1 08:00:28 CST 1970 on ttyPS0
cLinux zynq 4.9.0-xilinx #1 SMP PREEMPT Mon Dec 16 15:23:03 CST 2019 armv7l

The programs included with the Debian GNU/Linux system are free software;
the exact distribution terms for each program are described in the
individual files in /usr/share/doc/*/copyright.

Debian GNU/Linux comes with ABSOLUTELY NO WARRANTY, to the extent
permitted by applicable law.
aroot@zynq:~# cat /proc/cpu
cpu/     cpuinfo  
root@zynq:~# cat /proc/cpuinfo 
processor       : 0
model name      : ARMv7 Processor rev 0 (v7l)
BogoMIPS        : 666.66
Features        : half thumb fastmult vfp edsp neon vfpv3 tls vfpd32 
CPU implementer : 0x41
CPU architecture: 7
CPU variant     : 0x3
CPU part        : 0xc09
CPU revision    : 0

processor       : 1
model name      : ARMv7 Processor rev 0 (v7l)
BogoMIPS        : 666.66
Features        : half thumb fastmult vfp edsp neon vfpv3 tls vfpd32 
CPU implementer : 0x41
CPU architecture: 7
CPU variant     : 0x3
CPU part        : 0xc09
CPU revision    : 0

Hardware        : Xilinx Zynq Platform
Revision        : 0003
Serial          : 0000000000000000
root@zynq:~# 
root@zynq:~# cat /proc/meminfo 
MemTotal:         510408 kB
MemFree:          381484 kB
MemAvailable:     446368 kB
Buffers:            8584 kB
Cached:            68172 kB
SwapCached:            0 kB
Active:            67224 kB
Inactive:          41920 kB
Active(anon):      32560 kB
Inactive(anon):     5480 kB
Active(file):      34664 kB
Inactive(file):    36440 kB
Unevictable:           0 kB
Mlocked:               0 kB
HighTotal:             0 kB
HighFree:              0 kB
LowTotal:         510408 kB
LowFree:          381484 kB
SwapTotal:             0 kB
SwapFree:              0 kB
Dirty:               264 kB
Writeback:             0 kB
AnonPages:         32372 kB
Mapped:            35712 kB
Shmem:              5656 kB
Slab:               9188 kB
SReclaimable:       3500 kB
SUnreclaim:         5688 kB
KernelStack:        1040 kB
PageTables:         1220 kB
NFS_Unstable:          0 kB
Bounce:                0 kB
WritebackTmp:          0 kB
CommitLimit:      255204 kB
Committed_AS:     213980 kB
VmallocTotal:     507904 kB
VmallocUsed:           0 kB
VmallocChunk:          0 kB
CmaTotal:          16384 kB
CmaFree:           11492 kB
root@zynq:~# uname -m
armv7l
root@zynq:~# 
root@zynq:~# uname -a
Linux zynq 4.9.0-xilinx #1 SMP PREEMPT Mon Dec 16 15:23:03 CST 2019 armv7l GNU/Linux
root@zynq:~# 
root@zynq:~# 
root@zynq:~#















Cortex-A9 

第一章 ZYNQ 简介
Zynq 系列的亮点在于 FPGA 里包含了完整的 ARM 处理子系统（PS），每一颗 Zynq 系列的
处理器都包含了 Cortex-A9 处理器，整个处理器的搭建都以处理器为中心， 而且处理器子系统
中集成了内存控制器和大量的外设， 使 Cortex-A9 的核在 Zynq-7000 中完全独立于可编程逻辑
单元，也就是说如果暂时没有用到可编程逻辑单元部分（PL）， ARM 处理器的子系统也可以独
立工作，这与以前的 FPGA 有本质区别，其是以处理器为中心的。
Zynq 就是两大功能块，PS 部分和 PL 部分， 说白了，就是 ARM 的 SOC 部分，和 FPGA
部分。其中，PS 集成了两个 ARM Cortex™-A9 处理器，AMBA®互连，内部存储器，外部存储器
接口和外设。这些外设主要包括 USB 总线接口，以太网接口，SD/SDIO 接口，I2C 总线接口，
CAN 总线接口，UART 接口，GPIO 等。