
[root@bogon weilai]# dmesg 
[    0.000000] Initializing cgroup subsys cpuset
[    0.000000] Initializing cgroup subsys cpu
[    0.000000] Initializing cgroup subsys cpuacct
[    0.000000] Linux version 3.10.0-1062.el7.x86_64 (mockbuild@x86-040.build.eng.bos.redhat.com) (gcc version 4.8.5 20150623 (Red Hat 4.8.5-39) (GCC) ) #1 SMP Thu Jul 18 20:25:13 UTC 2019
[    0.000000] Command line: BOOT_IMAGE=/vmlinuz-3.10.0-1062.el7.x86_64 root=UUID=24129bee-1caa-4bf7-aec3-698296f786cb ro crashkernel=auto spectre_v2=retpoline rhgb quiet LANG=en_US.UTF-8
[    0.000000] Disabled fast string operations
[    0.000000] e820: BIOS-provided physical RAM map:
[    0.000000] BIOS-e820: [mem 0x0000000000000000-0x000000000009e7ff] usable
[    0.000000] BIOS-e820: [mem 0x000000000009e800-0x000000000009ffff] reserved
[    0.000000] BIOS-e820: [mem 0x00000000000dc000-0x00000000000fffff] reserved
[    0.000000] BIOS-e820: [mem 0x0000000000100000-0x000000007fedffff] usable
[    0.000000] BIOS-e820: [mem 0x000000007fee0000-0x000000007fefefff] ACPI data
[    0.000000] BIOS-e820: [mem 0x000000007feff000-0x000000007fefffff] ACPI NVS
[    0.000000] BIOS-e820: [mem 0x000000007ff00000-0x000000007fffffff] usable
[    0.000000] BIOS-e820: [mem 0x00000000f0000000-0x00000000f7ffffff] reserved
[    0.000000] BIOS-e820: [mem 0x00000000fec00000-0x00000000fec0ffff] reserved
[    0.000000] BIOS-e820: [mem 0x00000000fee00000-0x00000000fee00fff] reserved
[    0.000000] BIOS-e820: [mem 0x00000000fffe0000-0x00000000ffffffff] reserved
[    0.000000] NX (Execute Disable) protection: active
[    0.000000] SMBIOS 2.7 present.
[    0.000000] DMI: VMware, Inc. VMware Virtual Platform/440BX Desktop Reference Platform, BIOS 6.00 04/13/2018
[    0.000000] Hypervisor detected: VMware
[    0.000000] vmware: TSC freq read from hypervisor : 3191.997 MHz
[    0.000000] vmware: Host bus clock speed read from hypervisor : 66000000 Hz
[    0.000000] vmware: using sched offset of 8271166135 ns
[    0.000000] e820: update [mem 0x00000000-0x00000fff] usable ==> reserved
[    0.000000] e820: remove [mem 0x000a0000-0x000fffff] usable
[    0.000000] e820: last_pfn = 0x80000 max_arch_pfn = 0x400000000
[    0.000000] MTRR default type: uncachable
[    0.000000] MTRR fixed ranges enabled:
[    0.000000]   00000-9FFFF write-back
[    0.000000]   A0000-BFFFF uncachable
[    0.000000]   C0000-CFFFF write-protect
[    0.000000]   D0000-EFFFF uncachable
[    0.000000]   F0000-FFFFF write-protect
[    0.000000] MTRR variable ranges enabled:
[    0.000000]   0 base 00000000000 mask 7FF00000000 write-back
[    0.000000]   1 base 000C0000000 mask 7FFC0000000 uncachable
[    0.000000]   2 disabled
[    0.000000]   3 disabled
[    0.000000]   4 disabled
[    0.000000]   5 disabled
[    0.000000]   6 disabled
[    0.000000]   7 disabled
[    0.000000] PAT configuration [0-7]: WB  WC  UC- UC  WB  WP  UC- UC  
[    0.000000] original variable MTRRs
[    0.000000] reg 0, base: 0GB, range: 4GB, type WB
[    0.000000] reg 1, base: 3GB, range: 1GB, type UC
[    0.000000] total RAM covered: 3072M
[    0.000000] Found optimal setting for mtrr clean up
[    0.000000]  gran_size: 64K  chunk_size: 64K         num_reg: 2      lose cover RAM: 0G
[    0.000000] New variable MTRRs
[    0.000000] reg 0, base: 0GB, range: 2GB, type WB
[    0.000000] reg 1, base: 2GB, range: 1GB, type WB
[    0.000000] found SMP MP-table at [mem 0x000f6a80-0x000f6a8f] mapped at [ffffffffff200a80]
[    0.000000] Base memory trampoline at [ffff8d5000098000] 98000 size 24576
[    0.000000] Using GB pages for direct mapping
[    0.000000] BRK [0x46471000, 0x46471fff] PGTABLE
[    0.000000] BRK [0x46472000, 0x46472fff] PGTABLE
[    0.000000] BRK [0x46473000, 0x46473fff] PGTABLE
[    0.000000] BRK [0x46474000, 0x46474fff] PGTABLE
[    0.000000] BRK [0x46475000, 0x46475fff] PGTABLE
[    0.000000] BRK [0x46476000, 0x46476fff] PGTABLE
[    0.000000] RAMDISK: [mem 0x34826000-0x3640afff]
[    0.000000] Early table checksum verification disabled
[    0.000000] ACPI: RSDP 00000000000f6a10 00024 (v02 PTLTD )
[    0.000000] ACPI: XSDT 000000007fee965b 0005C (v01 INTEL  440BX    06040000 VMW  01324272)
[    0.000000] ACPI: FACP 000000007fefee73 000F4 (v04 INTEL  440BX    06040000 PTL  000F4240)
[    0.000000] ACPI: DSDT 000000007feeb345 13B2E (v01 PTLTD  Custom   06040000 MSFT 03000001)
[    0.000000] ACPI: FACS 000000007fefffc0 00040
[    0.000000] ACPI: BOOT 000000007feeb31d 00028 (v01 PTLTD  $SBFTBL$ 06040000  LTP 00000001)
[    0.000000] ACPI: APIC 000000007feea8bd 00742 (v01 PTLTD  ? APIC   06040000  LTP 00000000)
[    0.000000] ACPI: MCFG 000000007feea881 0003C (v01 PTLTD  $PCITBL$ 06040000  LTP 00000001)
[    0.000000] ACPI: SRAT 000000007fee9757 008A8 (v02 VMWARE MEMPLUG  06040000 VMW  00000001)
[    0.000000] ACPI: HPET 000000007fee971f 00038 (v01 VMWARE VMW HPET 06040000 VMW  00000001)
[    0.000000] ACPI: WAET 000000007fee96f7 00028 (v01 VMWARE VMW WAET 06040000 VMW  00000001)
[    0.000000] ACPI: Local APIC address 0xfee00000
[    0.000000] system APIC only can use physical flat
[    0.000000] Setting APIC routing to physical flat.
[    0.000000] SRAT: PXM 0 -> APIC 0x00 -> Node 0
[    0.000000] SRAT: PXM 0 -> APIC 0x02 -> Node 0
[    0.000000] SRAT: PXM 0 -> APIC 0x04 -> Node 0
[    0.000000] SRAT: PXM 0 -> APIC 0x06 -> Node 0
[    0.000000] SRAT: PXM 0 -> APIC 0x08 -> Node 0
[    0.000000] SRAT: PXM 0 -> APIC 0x0a -> Node 0
[    0.000000] SRAT: PXM 0 -> APIC 0x0c -> Node 0
[    0.000000] SRAT: PXM 0 -> APIC 0x0e -> Node 0
[    0.000000] SRAT: PXM 0 -> APIC 0x10 -> Node 0
[    0.000000] SRAT: PXM 0 -> APIC 0x12 -> Node 0
[    0.000000] SRAT: PXM 0 -> APIC 0x14 -> Node 0
[    0.000000] SRAT: PXM 0 -> APIC 0x16 -> Node 0
[    0.000000] SRAT: PXM 0 -> APIC 0x18 -> Node 0
[    0.000000] SRAT: PXM 0 -> APIC 0x1a -> Node 0
[    0.000000] SRAT: PXM 0 -> APIC 0x1c -> Node 0
[    0.000000] SRAT: PXM 0 -> APIC 0x1e -> Node 0
[    0.000000] SRAT: PXM 0 -> APIC 0x20 -> Node 0
[    0.000000] SRAT: PXM 0 -> APIC 0x22 -> Node 0
[    0.000000] SRAT: PXM 0 -> APIC 0x24 -> Node 0
[    0.000000] SRAT: PXM 0 -> APIC 0x26 -> Node 0
[    0.000000] SRAT: PXM 0 -> APIC 0x28 -> Node 0
[    0.000000] SRAT: PXM 0 -> APIC 0x2a -> Node 0
[    0.000000] SRAT: PXM 0 -> APIC 0x2c -> Node 0
[    0.000000] SRAT: PXM 0 -> APIC 0x2e -> Node 0
[    0.000000] SRAT: PXM 0 -> APIC 0x30 -> Node 0
[    0.000000] SRAT: PXM 0 -> APIC 0x32 -> Node 0
[    0.000000] SRAT: PXM 0 -> APIC 0x34 -> Node 0
[    0.000000] SRAT: PXM 0 -> APIC 0x36 -> Node 0
[    0.000000] SRAT: PXM 0 -> APIC 0x38 -> Node 0
[    0.000000] SRAT: PXM 0 -> APIC 0x3a -> Node 0
[    0.000000] SRAT: PXM 0 -> APIC 0x3c -> Node 0
[    0.000000] SRAT: PXM 0 -> APIC 0x3e -> Node 0
[    0.000000] SRAT: PXM 0 -> APIC 0x40 -> Node 0
[    0.000000] SRAT: PXM 0 -> APIC 0x42 -> Node 0
[    0.000000] SRAT: PXM 0 -> APIC 0x44 -> Node 0
[    0.000000] SRAT: PXM 0 -> APIC 0x46 -> Node 0
[    0.000000] SRAT: PXM 0 -> APIC 0x48 -> Node 0
[    0.000000] SRAT: PXM 0 -> APIC 0x4a -> Node 0
[    0.000000] SRAT: PXM 0 -> APIC 0x4c -> Node 0
[    0.000000] SRAT: PXM 0 -> APIC 0x4e -> Node 0
[    0.000000] SRAT: PXM 0 -> APIC 0x50 -> Node 0
[    0.000000] SRAT: PXM 0 -> APIC 0x52 -> Node 0
[    0.000000] SRAT: PXM 0 -> APIC 0x54 -> Node 0
[    0.000000] SRAT: PXM 0 -> APIC 0x56 -> Node 0
[    0.000000] SRAT: PXM 0 -> APIC 0x58 -> Node 0
[    0.000000] SRAT: PXM 0 -> APIC 0x5a -> Node 0
[    0.000000] SRAT: PXM 0 -> APIC 0x5c -> Node 0
[    0.000000] SRAT: PXM 0 -> APIC 0x5e -> Node 0
[    0.000000] SRAT: PXM 0 -> APIC 0x60 -> Node 0
[    0.000000] SRAT: PXM 0 -> APIC 0x62 -> Node 0
[    0.000000] SRAT: PXM 0 -> APIC 0x64 -> Node 0
[    0.000000] SRAT: PXM 0 -> APIC 0x66 -> Node 0
[    0.000000] SRAT: PXM 0 -> APIC 0x68 -> Node 0
[    0.000000] SRAT: PXM 0 -> APIC 0x6a -> Node 0
[    0.000000] SRAT: PXM 0 -> APIC 0x6c -> Node 0
[    0.000000] SRAT: PXM 0 -> APIC 0x6e -> Node 0
[    0.000000] SRAT: PXM 0 -> APIC 0x70 -> Node 0
[    0.000000] SRAT: PXM 0 -> APIC 0x72 -> Node 0
[    0.000000] SRAT: PXM 0 -> APIC 0x74 -> Node 0
[    0.000000] SRAT: PXM 0 -> APIC 0x76 -> Node 0
[    0.000000] SRAT: PXM 0 -> APIC 0x78 -> Node 0
[    0.000000] SRAT: PXM 0 -> APIC 0x7a -> Node 0
[    0.000000] SRAT: PXM 0 -> APIC 0x7c -> Node 0
[    0.000000] SRAT: PXM 0 -> APIC 0x7e -> Node 0
[    0.000000] SRAT: PXM 0 -> APIC 0x80 -> Node 0
[    0.000000] SRAT: PXM 0 -> APIC 0x82 -> Node 0
[    0.000000] SRAT: PXM 0 -> APIC 0x84 -> Node 0
[    0.000000] SRAT: PXM 0 -> APIC 0x86 -> Node 0
[    0.000000] SRAT: PXM 0 -> APIC 0x88 -> Node 0
[    0.000000] SRAT: PXM 0 -> APIC 0x8a -> Node 0
[    0.000000] SRAT: PXM 0 -> APIC 0x8c -> Node 0
[    0.000000] SRAT: PXM 0 -> APIC 0x8e -> Node 0
[    0.000000] SRAT: PXM 0 -> APIC 0x90 -> Node 0
[    0.000000] SRAT: PXM 0 -> APIC 0x92 -> Node 0
[    0.000000] SRAT: PXM 0 -> APIC 0x94 -> Node 0
[    0.000000] SRAT: PXM 0 -> APIC 0x96 -> Node 0
[    0.000000] SRAT: PXM 0 -> APIC 0x98 -> Node 0
[    0.000000] SRAT: PXM 0 -> APIC 0x9a -> Node 0
[    0.000000] SRAT: PXM 0 -> APIC 0x9c -> Node 0
[    0.000000] SRAT: PXM 0 -> APIC 0x9e -> Node 0
[    0.000000] SRAT: PXM 0 -> APIC 0xa0 -> Node 0
[    0.000000] SRAT: PXM 0 -> APIC 0xa2 -> Node 0
[    0.000000] SRAT: PXM 0 -> APIC 0xa4 -> Node 0
[    0.000000] SRAT: PXM 0 -> APIC 0xa6 -> Node 0
[    0.000000] SRAT: PXM 0 -> APIC 0xa8 -> Node 0
[    0.000000] SRAT: PXM 0 -> APIC 0xaa -> Node 0
[    0.000000] SRAT: PXM 0 -> APIC 0xac -> Node 0
[    0.000000] SRAT: PXM 0 -> APIC 0xae -> Node 0
[    0.000000] SRAT: PXM 0 -> APIC 0xb0 -> Node 0
[    0.000000] SRAT: PXM 0 -> APIC 0xb2 -> Node 0
[    0.000000] SRAT: PXM 0 -> APIC 0xb4 -> Node 0
[    0.000000] SRAT: PXM 0 -> APIC 0xb6 -> Node 0
[    0.000000] SRAT: PXM 0 -> APIC 0xb8 -> Node 0
[    0.000000] SRAT: PXM 0 -> APIC 0xba -> Node 0
[    0.000000] SRAT: PXM 0 -> APIC 0xbc -> Node 0
[    0.000000] SRAT: PXM 0 -> APIC 0xbe -> Node 0
[    0.000000] SRAT: PXM 0 -> APIC 0xc0 -> Node 0
[    0.000000] SRAT: PXM 0 -> APIC 0xc2 -> Node 0
[    0.000000] SRAT: PXM 0 -> APIC 0xc4 -> Node 0
[    0.000000] SRAT: PXM 0 -> APIC 0xc6 -> Node 0
[    0.000000] SRAT: PXM 0 -> APIC 0xc8 -> Node 0
[    0.000000] SRAT: PXM 0 -> APIC 0xca -> Node 0
[    0.000000] SRAT: PXM 0 -> APIC 0xcc -> Node 0
[    0.000000] SRAT: PXM 0 -> APIC 0xce -> Node 0
[    0.000000] SRAT: PXM 0 -> APIC 0xd0 -> Node 0
[    0.000000] SRAT: PXM 0 -> APIC 0xd2 -> Node 0
[    0.000000] SRAT: PXM 0 -> APIC 0xd4 -> Node 0
[    0.000000] SRAT: PXM 0 -> APIC 0xd6 -> Node 0
[    0.000000] SRAT: PXM 0 -> APIC 0xd8 -> Node 0
[    0.000000] SRAT: PXM 0 -> APIC 0xda -> Node 0
[    0.000000] SRAT: PXM 0 -> APIC 0xdc -> Node 0
[    0.000000] SRAT: PXM 0 -> APIC 0xde -> Node 0
[    0.000000] SRAT: PXM 0 -> APIC 0xe0 -> Node 0
[    0.000000] SRAT: PXM 0 -> APIC 0xe2 -> Node 0
[    0.000000] SRAT: PXM 0 -> APIC 0xe4 -> Node 0
[    0.000000] SRAT: PXM 0 -> APIC 0xe6 -> Node 0
[    0.000000] SRAT: PXM 0 -> APIC 0xe8 -> Node 0
[    0.000000] SRAT: PXM 0 -> APIC 0xea -> Node 0
[    0.000000] SRAT: PXM 0 -> APIC 0xec -> Node 0
[    0.000000] SRAT: PXM 0 -> APIC 0xee -> Node 0
[    0.000000] SRAT: PXM 0 -> APIC 0xf0 -> Node 0
[    0.000000] SRAT: PXM 0 -> APIC 0xf2 -> Node 0
[    0.000000] SRAT: PXM 0 -> APIC 0xf4 -> Node 0
[    0.000000] SRAT: PXM 0 -> APIC 0xf6 -> Node 0
[    0.000000] SRAT: PXM 0 -> APIC 0xf8 -> Node 0
[    0.000000] SRAT: PXM 0 -> APIC 0xfa -> Node 0
[    0.000000] SRAT: PXM 0 -> APIC 0xfc -> Node 0
[    0.000000] SRAT: PXM 0 -> APIC 0xfe -> Node 0
[    0.000000] SRAT: Node 0 PXM 0 [mem 0x00000000-0x0009ffff]
[    0.000000] SRAT: Node 0 PXM 0 [mem 0x00100000-0x7fffffff]
[    0.000000] SRAT: Node 0 PXM 0 [mem 0x80000000-0xbfffffff] hotplug
[    0.000000] NUMA: Node 0 [mem 0x00000000-0x0009ffff] + [mem 0x00100000-0x7fffffff] -> [mem 0x00000000-0x7fffffff]
[    0.000000] NODE_DATA(0) allocated [mem 0x7ffd9000-0x7fffffff]
[    0.000000] Reserving 161MB of memory at 672MB for crashkernel (System RAM: 2047MB)
[    0.000000] Zone ranges:
[    0.000000]   DMA      [mem 0x00001000-0x00ffffff]
[    0.000000]   DMA32    [mem 0x01000000-0xffffffff]
[    0.000000]   Normal   empty
[    0.000000] Movable zone start for each node
[    0.000000] Early memory node ranges
[    0.000000]   node   0: [mem 0x00001000-0x0009dfff]
[    0.000000]   node   0: [mem 0x00100000-0x7fedffff]
[    0.000000]   node   0: [mem 0x7ff00000-0x7fffffff]
[    0.000000] Initmem setup node 0 [mem 0x00001000-0x7fffffff]
[    0.000000] On node 0 totalpages: 524157
[    0.000000]   DMA zone: 64 pages used for memmap
[    0.000000]   DMA zone: 21 pages reserved
[    0.000000]   DMA zone: 3997 pages, LIFO batch:0
[    0.000000]   DMA32 zone: 8128 pages used for memmap
[    0.000000]   DMA32 zone: 520160 pages, LIFO batch:31
[    0.000000] ACPI: PM-Timer IO Port: 0x1008
[    0.000000] ACPI: Local APIC address 0xfee00000
[    0.000000] system APIC only can use physical flat
[    0.000000] ACPI: LAPIC (acpi_id[0x00] lapic_id[0x00] enabled)
[    0.000000] ACPI: LAPIC (acpi_id[0x01] lapic_id[0x02] disabled)
[    0.000000] ACPI: LAPIC (acpi_id[0x02] lapic_id[0x04] disabled)
[    0.000000] ACPI: LAPIC (acpi_id[0x03] lapic_id[0x06] disabled)
[    0.000000] ACPI: LAPIC (acpi_id[0x04] lapic_id[0x08] disabled)
[    0.000000] ACPI: LAPIC (acpi_id[0x05] lapic_id[0x0a] disabled)
[    0.000000] ACPI: LAPIC (acpi_id[0x06] lapic_id[0x0c] disabled)
[    0.000000] ACPI: LAPIC (acpi_id[0x07] lapic_id[0x0e] disabled)
[    0.000000] ACPI: LAPIC (acpi_id[0x08] lapic_id[0x10] disabled)
[    0.000000] ACPI: LAPIC (acpi_id[0x09] lapic_id[0x12] disabled)
[    0.000000] ACPI: LAPIC (acpi_id[0x0a] lapic_id[0x14] disabled)
[    0.000000] ACPI: LAPIC (acpi_id[0x0b] lapic_id[0x16] disabled)
[    0.000000] ACPI: LAPIC (acpi_id[0x0c] lapic_id[0x18] disabled)
[    0.000000] ACPI: LAPIC (acpi_id[0x0d] lapic_id[0x1a] disabled)
[    0.000000] ACPI: LAPIC (acpi_id[0x0e] lapic_id[0x1c] disabled)
[    0.000000] ACPI: LAPIC (acpi_id[0x0f] lapic_id[0x1e] disabled)
[    0.000000] ACPI: LAPIC (acpi_id[0x10] lapic_id[0x20] disabled)
[    0.000000] ACPI: LAPIC (acpi_id[0x11] lapic_id[0x22] disabled)
[    0.000000] ACPI: LAPIC (acpi_id[0x12] lapic_id[0x24] disabled)
[    0.000000] ACPI: LAPIC (acpi_id[0x13] lapic_id[0x26] disabled)
[    0.000000] ACPI: LAPIC (acpi_id[0x14] lapic_id[0x28] disabled)
[    0.000000] ACPI: LAPIC (acpi_id[0x15] lapic_id[0x2a] disabled)
[    0.000000] ACPI: LAPIC (acpi_id[0x16] lapic_id[0x2c] disabled)
[    0.000000] ACPI: LAPIC (acpi_id[0x17] lapic_id[0x2e] disabled)
[    0.000000] ACPI: LAPIC (acpi_id[0x18] lapic_id[0x30] disabled)
[    0.000000] ACPI: LAPIC (acpi_id[0x19] lapic_id[0x32] disabled)
[    0.000000] ACPI: LAPIC (acpi_id[0x1a] lapic_id[0x34] disabled)
[    0.000000] ACPI: LAPIC (acpi_id[0x1b] lapic_id[0x36] disabled)
[    0.000000] ACPI: LAPIC (acpi_id[0x1c] lapic_id[0x38] disabled)
[    0.000000] ACPI: LAPIC (acpi_id[0x1d] lapic_id[0x3a] disabled)
[    0.000000] ACPI: LAPIC (acpi_id[0x1e] lapic_id[0x3c] disabled)
[    0.000000] ACPI: LAPIC (acpi_id[0x1f] lapic_id[0x3e] disabled)
[    0.000000] ACPI: LAPIC (acpi_id[0x20] lapic_id[0x40] disabled)
[    0.000000] ACPI: LAPIC (acpi_id[0x21] lapic_id[0x42] disabled)
[    0.000000] ACPI: LAPIC (acpi_id[0x22] lapic_id[0x44] disabled)
[    0.000000] ACPI: LAPIC (acpi_id[0x23] lapic_id[0x46] disabled)
[    0.000000] ACPI: LAPIC (acpi_id[0x24] lapic_id[0x48] disabled)
[    0.000000] ACPI: LAPIC (acpi_id[0x25] lapic_id[0x4a] disabled)
[    0.000000] ACPI: LAPIC (acpi_id[0x26] lapic_id[0x4c] disabled)
[    0.000000] ACPI: LAPIC (acpi_id[0x27] lapic_id[0x4e] disabled)
[    0.000000] ACPI: LAPIC (acpi_id[0x28] lapic_id[0x50] disabled)
[    0.000000] ACPI: LAPIC (acpi_id[0x29] lapic_id[0x52] disabled)
[    0.000000] ACPI: LAPIC (acpi_id[0x2a] lapic_id[0x54] disabled)
[    0.000000] ACPI: LAPIC (acpi_id[0x2b] lapic_id[0x56] disabled)
[    0.000000] ACPI: LAPIC (acpi_id[0x2c] lapic_id[0x58] disabled)
[    0.000000] ACPI: LAPIC (acpi_id[0x2d] lapic_id[0x5a] disabled)
[    0.000000] ACPI: LAPIC (acpi_id[0x2e] lapic_id[0x5c] disabled)
[    0.000000] ACPI: LAPIC (acpi_id[0x2f] lapic_id[0x5e] disabled)
[    0.000000] ACPI: LAPIC (acpi_id[0x30] lapic_id[0x60] disabled)
[    0.000000] ACPI: LAPIC (acpi_id[0x31] lapic_id[0x62] disabled)
[    0.000000] ACPI: LAPIC (acpi_id[0x32] lapic_id[0x64] disabled)
[    0.000000] ACPI: LAPIC (acpi_id[0x33] lapic_id[0x66] disabled)
[    0.000000] ACPI: LAPIC (acpi_id[0x34] lapic_id[0x68] disabled)
[    0.000000] ACPI: LAPIC (acpi_id[0x35] lapic_id[0x6a] disabled)
[    0.000000] ACPI: LAPIC (acpi_id[0x36] lapic_id[0x6c] disabled)
[    0.000000] ACPI: LAPIC (acpi_id[0x37] lapic_id[0x6e] disabled)
[    0.000000] ACPI: LAPIC (acpi_id[0x38] lapic_id[0x70] disabled)
[    0.000000] ACPI: LAPIC (acpi_id[0x39] lapic_id[0x72] disabled)
[    0.000000] ACPI: LAPIC (acpi_id[0x3a] lapic_id[0x74] disabled)
[    0.000000] ACPI: LAPIC (acpi_id[0x3b] lapic_id[0x76] disabled)
[    0.000000] ACPI: LAPIC (acpi_id[0x3c] lapic_id[0x78] disabled)
[    0.000000] ACPI: LAPIC (acpi_id[0x3d] lapic_id[0x7a] disabled)
[    0.000000] ACPI: LAPIC (acpi_id[0x3e] lapic_id[0x7c] disabled)
[    0.000000] ACPI: LAPIC (acpi_id[0x3f] lapic_id[0x7e] disabled)
[    0.000000] ACPI: LAPIC (acpi_id[0x40] lapic_id[0x80] disabled)
[    0.000000] ACPI: LAPIC (acpi_id[0x41] lapic_id[0x82] disabled)
[    0.000000] ACPI: LAPIC (acpi_id[0x42] lapic_id[0x84] disabled)
[    0.000000] ACPI: LAPIC (acpi_id[0x43] lapic_id[0x86] disabled)
[    0.000000] ACPI: LAPIC (acpi_id[0x44] lapic_id[0x88] disabled)
[    0.000000] ACPI: LAPIC (acpi_id[0x45] lapic_id[0x8a] disabled)
[    0.000000] ACPI: LAPIC (acpi_id[0x46] lapic_id[0x8c] disabled)
[    0.000000] ACPI: LAPIC (acpi_id[0x47] lapic_id[0x8e] disabled)
[    0.000000] ACPI: LAPIC (acpi_id[0x48] lapic_id[0x90] disabled)
[    0.000000] ACPI: LAPIC (acpi_id[0x49] lapic_id[0x92] disabled)
[    0.000000] ACPI: LAPIC (acpi_id[0x4a] lapic_id[0x94] disabled)
[    0.000000] ACPI: LAPIC (acpi_id[0x4b] lapic_id[0x96] disabled)
[    0.000000] ACPI: LAPIC (acpi_id[0x4c] lapic_id[0x98] disabled)
[    0.000000] ACPI: LAPIC (acpi_id[0x4d] lapic_id[0x9a] disabled)
[    0.000000] ACPI: LAPIC (acpi_id[0x4e] lapic_id[0x9c] disabled)
[    0.000000] ACPI: LAPIC (acpi_id[0x4f] lapic_id[0x9e] disabled)
[    0.000000] ACPI: LAPIC (acpi_id[0x50] lapic_id[0xa0] disabled)
[    0.000000] ACPI: LAPIC (acpi_id[0x51] lapic_id[0xa2] disabled)
[    0.000000] ACPI: LAPIC (acpi_id[0x52] lapic_id[0xa4] disabled)
[    0.000000] ACPI: LAPIC (acpi_id[0x53] lapic_id[0xa6] disabled)
[    0.000000] ACPI: LAPIC (acpi_id[0x54] lapic_id[0xa8] disabled)
[    0.000000] ACPI: LAPIC (acpi_id[0x55] lapic_id[0xaa] disabled)
[    0.000000] ACPI: LAPIC (acpi_id[0x56] lapic_id[0xac] disabled)
[    0.000000] ACPI: LAPIC (acpi_id[0x57] lapic_id[0xae] disabled)
[    0.000000] ACPI: LAPIC (acpi_id[0x58] lapic_id[0xb0] disabled)
[    0.000000] ACPI: LAPIC (acpi_id[0x59] lapic_id[0xb2] disabled)
[    0.000000] ACPI: LAPIC (acpi_id[0x5a] lapic_id[0xb4] disabled)
[    0.000000] ACPI: LAPIC (acpi_id[0x5b] lapic_id[0xb6] disabled)
[    0.000000] ACPI: LAPIC (acpi_id[0x5c] lapic_id[0xb8] disabled)
[    0.000000] ACPI: LAPIC (acpi_id[0x5d] lapic_id[0xba] disabled)
[    0.000000] ACPI: LAPIC (acpi_id[0x5e] lapic_id[0xbc] disabled)
[    0.000000] ACPI: LAPIC (acpi_id[0x5f] lapic_id[0xbe] disabled)
[    0.000000] ACPI: LAPIC (acpi_id[0x60] lapic_id[0xc0] disabled)
[    0.000000] ACPI: LAPIC (acpi_id[0x61] lapic_id[0xc2] disabled)
[    0.000000] ACPI: LAPIC (acpi_id[0x62] lapic_id[0xc4] disabled)
[    0.000000] ACPI: LAPIC (acpi_id[0x63] lapic_id[0xc6] disabled)
[    0.000000] ACPI: LAPIC (acpi_id[0x64] lapic_id[0xc8] disabled)
[    0.000000] ACPI: LAPIC (acpi_id[0x65] lapic_id[0xca] disabled)
[    0.000000] ACPI: LAPIC (acpi_id[0x66] lapic_id[0xcc] disabled)
[    0.000000] ACPI: LAPIC (acpi_id[0x67] lapic_id[0xce] disabled)
[    0.000000] ACPI: LAPIC (acpi_id[0x68] lapic_id[0xd0] disabled)
[    0.000000] ACPI: LAPIC (acpi_id[0x69] lapic_id[0xd2] disabled)
[    0.000000] ACPI: LAPIC (acpi_id[0x6a] lapic_id[0xd4] disabled)
[    0.000000] ACPI: LAPIC (acpi_id[0x6b] lapic_id[0xd6] disabled)
[    0.000000] ACPI: LAPIC (acpi_id[0x6c] lapic_id[0xd8] disabled)
[    0.000000] ACPI: LAPIC (acpi_id[0x6d] lapic_id[0xda] disabled)
[    0.000000] ACPI: LAPIC (acpi_id[0x6e] lapic_id[0xdc] disabled)
[    0.000000] ACPI: LAPIC (acpi_id[0x6f] lapic_id[0xde] disabled)
[    0.000000] ACPI: LAPIC (acpi_id[0x70] lapic_id[0xe0] disabled)
[    0.000000] ACPI: LAPIC (acpi_id[0x71] lapic_id[0xe2] disabled)
[    0.000000] ACPI: LAPIC (acpi_id[0x72] lapic_id[0xe4] disabled)
[    0.000000] ACPI: LAPIC (acpi_id[0x73] lapic_id[0xe6] disabled)
[    0.000000] ACPI: LAPIC (acpi_id[0x74] lapic_id[0xe8] disabled)
[    0.000000] ACPI: LAPIC (acpi_id[0x75] lapic_id[0xea] disabled)
[    0.000000] ACPI: LAPIC (acpi_id[0x76] lapic_id[0xec] disabled)
[    0.000000] ACPI: LAPIC (acpi_id[0x77] lapic_id[0xee] disabled)
[    0.000000] ACPI: LAPIC (acpi_id[0x78] lapic_id[0xf0] disabled)
[    0.000000] ACPI: LAPIC (acpi_id[0x79] lapic_id[0xf2] disabled)
[    0.000000] ACPI: LAPIC (acpi_id[0x7a] lapic_id[0xf4] disabled)
[    0.000000] ACPI: LAPIC (acpi_id[0x7b] lapic_id[0xf6] disabled)
[    0.000000] ACPI: LAPIC (acpi_id[0x7c] lapic_id[0xf8] disabled)
[    0.000000] ACPI: LAPIC (acpi_id[0x7d] lapic_id[0xfa] disabled)
[    0.000000] ACPI: LAPIC (acpi_id[0x7e] lapic_id[0xfc] disabled)
[    0.000000] ACPI: LAPIC (acpi_id[0x7f] lapic_id[0xfe] disabled)
[    0.000000] ACPI: LAPIC_NMI (acpi_id[0x00] high edge lint[0x1])
[    0.000000] ACPI: LAPIC_NMI (acpi_id[0x01] high edge lint[0x1])
[    0.000000] ACPI: LAPIC_NMI (acpi_id[0x02] high edge lint[0x1])
[    0.000000] ACPI: LAPIC_NMI (acpi_id[0x03] high edge lint[0x1])
[    0.000000] ACPI: LAPIC_NMI (acpi_id[0x04] high edge lint[0x1])
[    0.000000] ACPI: LAPIC_NMI (acpi_id[0x05] high edge lint[0x1])
[    0.000000] ACPI: LAPIC_NMI (acpi_id[0x06] high edge lint[0x1])
[    0.000000] ACPI: LAPIC_NMI (acpi_id[0x07] high edge lint[0x1])
[    0.000000] ACPI: LAPIC_NMI (acpi_id[0x08] high edge lint[0x1])
[    0.000000] ACPI: LAPIC_NMI (acpi_id[0x09] high edge lint[0x1])
[    0.000000] ACPI: LAPIC_NMI (acpi_id[0x0a] high edge lint[0x1])
[    0.000000] ACPI: LAPIC_NMI (acpi_id[0x0b] high edge lint[0x1])
[    0.000000] ACPI: LAPIC_NMI (acpi_id[0x0c] high edge lint[0x1])
[    0.000000] ACPI: LAPIC_NMI (acpi_id[0x0d] high edge lint[0x1])
[    0.000000] ACPI: LAPIC_NMI (acpi_id[0x0e] high edge lint[0x1])
[    0.000000] ACPI: LAPIC_NMI (acpi_id[0x0f] high edge lint[0x1])
[    0.000000] ACPI: LAPIC_NMI (acpi_id[0x10] high edge lint[0x1])
[    0.000000] ACPI: LAPIC_NMI (acpi_id[0x11] high edge lint[0x1])
[    0.000000] ACPI: LAPIC_NMI (acpi_id[0x12] high edge lint[0x1])
[    0.000000] ACPI: LAPIC_NMI (acpi_id[0x13] high edge lint[0x1])
[    0.000000] ACPI: LAPIC_NMI (acpi_id[0x14] high edge lint[0x1])
[    0.000000] ACPI: LAPIC_NMI (acpi_id[0x15] high edge lint[0x1])
[    0.000000] ACPI: LAPIC_NMI (acpi_id[0x16] high edge lint[0x1])
[    0.000000] ACPI: LAPIC_NMI (acpi_id[0x17] high edge lint[0x1])
[    0.000000] ACPI: LAPIC_NMI (acpi_id[0x18] high edge lint[0x1])
[    0.000000] ACPI: LAPIC_NMI (acpi_id[0x19] high edge lint[0x1])
[    0.000000] ACPI: LAPIC_NMI (acpi_id[0x1a] high edge lint[0x1])
[    0.000000] ACPI: LAPIC_NMI (acpi_id[0x1b] high edge lint[0x1])
[    0.000000] ACPI: LAPIC_NMI (acpi_id[0x1c] high edge lint[0x1])
[    0.000000] ACPI: LAPIC_NMI (acpi_id[0x1d] high edge lint[0x1])
[    0.000000] ACPI: LAPIC_NMI (acpi_id[0x1e] high edge lint[0x1])
[    0.000000] ACPI: LAPIC_NMI (acpi_id[0x1f] high edge lint[0x1])
[    0.000000] ACPI: LAPIC_NMI (acpi_id[0x20] high edge lint[0x1])
[    0.000000] ACPI: LAPIC_NMI (acpi_id[0x21] high edge lint[0x1])
[    0.000000] ACPI: LAPIC_NMI (acpi_id[0x22] high edge lint[0x1])
[    0.000000] ACPI: LAPIC_NMI (acpi_id[0x23] high edge lint[0x1])
[    0.000000] ACPI: LAPIC_NMI (acpi_id[0x24] high edge lint[0x1])
[    0.000000] ACPI: LAPIC_NMI (acpi_id[0x25] high edge lint[0x1])
[    0.000000] ACPI: LAPIC_NMI (acpi_id[0x26] high edge lint[0x1])
[    0.000000] ACPI: LAPIC_NMI (acpi_id[0x27] high edge lint[0x1])
[    0.000000] ACPI: LAPIC_NMI (acpi_id[0x28] high edge lint[0x1])
[    0.000000] ACPI: LAPIC_NMI (acpi_id[0x29] high edge lint[0x1])
[    0.000000] ACPI: LAPIC_NMI (acpi_id[0x2a] high edge lint[0x1])
[    0.000000] ACPI: LAPIC_NMI (acpi_id[0x2b] high edge lint[0x1])
[    0.000000] ACPI: LAPIC_NMI (acpi_id[0x2c] high edge lint[0x1])
[    0.000000] ACPI: LAPIC_NMI (acpi_id[0x2d] high edge lint[0x1])
[    0.000000] ACPI: LAPIC_NMI (acpi_id[0x2e] high edge lint[0x1])
[    0.000000] ACPI: LAPIC_NMI (acpi_id[0x2f] high edge lint[0x1])
[    0.000000] ACPI: LAPIC_NMI (acpi_id[0x30] high edge lint[0x1])
[    0.000000] ACPI: LAPIC_NMI (acpi_id[0x31] high edge lint[0x1])
[    0.000000] ACPI: LAPIC_NMI (acpi_id[0x32] high edge lint[0x1])
[    0.000000] ACPI: LAPIC_NMI (acpi_id[0x33] high edge lint[0x1])
[    0.000000] ACPI: LAPIC_NMI (acpi_id[0x34] high edge lint[0x1])
[    0.000000] ACPI: LAPIC_NMI (acpi_id[0x35] high edge lint[0x1])
[    0.000000] ACPI: LAPIC_NMI (acpi_id[0x36] high edge lint[0x1])
[    0.000000] ACPI: LAPIC_NMI (acpi_id[0x37] high edge lint[0x1])
[    0.000000] ACPI: LAPIC_NMI (acpi_id[0x38] high edge lint[0x1])
[    0.000000] ACPI: LAPIC_NMI (acpi_id[0x39] high edge lint[0x1])
[    0.000000] ACPI: LAPIC_NMI (acpi_id[0x3a] high edge lint[0x1])
[    0.000000] ACPI: LAPIC_NMI (acpi_id[0x3b] high edge lint[0x1])
[    0.000000] ACPI: LAPIC_NMI (acpi_id[0x3c] high edge lint[0x1])
[    0.000000] ACPI: LAPIC_NMI (acpi_id[0x3d] high edge lint[0x1])
[    0.000000] ACPI: LAPIC_NMI (acpi_id[0x3e] high edge lint[0x1])
[    0.000000] ACPI: LAPIC_NMI (acpi_id[0x3f] high edge lint[0x1])
[    0.000000] ACPI: LAPIC_NMI (acpi_id[0x40] high edge lint[0x1])
[    0.000000] ACPI: LAPIC_NMI (acpi_id[0x41] high edge lint[0x1])
[    0.000000] ACPI: LAPIC_NMI (acpi_id[0x42] high edge lint[0x1])
[    0.000000] ACPI: LAPIC_NMI (acpi_id[0x43] high edge lint[0x1])
[    0.000000] ACPI: LAPIC_NMI (acpi_id[0x44] high edge lint[0x1])
[    0.000000] ACPI: LAPIC_NMI (acpi_id[0x45] high edge lint[0x1])
[    0.000000] ACPI: LAPIC_NMI (acpi_id[0x46] high edge lint[0x1])
[    0.000000] ACPI: LAPIC_NMI (acpi_id[0x47] high edge lint[0x1])
[    0.000000] ACPI: LAPIC_NMI (acpi_id[0x48] high edge lint[0x1])
[    0.000000] ACPI: LAPIC_NMI (acpi_id[0x49] high edge lint[0x1])
[    0.000000] ACPI: LAPIC_NMI (acpi_id[0x4a] high edge lint[0x1])
[    0.000000] ACPI: LAPIC_NMI (acpi_id[0x4b] high edge lint[0x1])
[    0.000000] ACPI: LAPIC_NMI (acpi_id[0x4c] high edge lint[0x1])
[    0.000000] ACPI: LAPIC_NMI (acpi_id[0x4d] high edge lint[0x1])
[    0.000000] ACPI: LAPIC_NMI (acpi_id[0x4e] high edge lint[0x1])
[    0.000000] ACPI: LAPIC_NMI (acpi_id[0x4f] high edge lint[0x1])
[    0.000000] ACPI: LAPIC_NMI (acpi_id[0x50] high edge lint[0x1])
[    0.000000] ACPI: LAPIC_NMI (acpi_id[0x51] high edge lint[0x1])
[    0.000000] ACPI: LAPIC_NMI (acpi_id[0x52] high edge lint[0x1])
[    0.000000] ACPI: LAPIC_NMI (acpi_id[0x53] high edge lint[0x1])
[    0.000000] ACPI: LAPIC_NMI (acpi_id[0x54] high edge lint[0x1])
[    0.000000] ACPI: LAPIC_NMI (acpi_id[0x55] high edge lint[0x1])
[    0.000000] ACPI: LAPIC_NMI (acpi_id[0x56] high edge lint[0x1])
[    0.000000] ACPI: LAPIC_NMI (acpi_id[0x57] high edge lint[0x1])
[    0.000000] ACPI: LAPIC_NMI (acpi_id[0x58] high edge lint[0x1])
[    0.000000] ACPI: LAPIC_NMI (acpi_id[0x59] high edge lint[0x1])
[    0.000000] ACPI: LAPIC_NMI (acpi_id[0x5a] high edge lint[0x1])
[    0.000000] ACPI: LAPIC_NMI (acpi_id[0x5b] high edge lint[0x1])
[    0.000000] ACPI: LAPIC_NMI (acpi_id[0x5c] high edge lint[0x1])
[    0.000000] ACPI: LAPIC_NMI (acpi_id[0x5d] high edge lint[0x1])
[    0.000000] ACPI: LAPIC_NMI (acpi_id[0x5e] high edge lint[0x1])
[    0.000000] ACPI: LAPIC_NMI (acpi_id[0x5f] high edge lint[0x1])
[    0.000000] ACPI: LAPIC_NMI (acpi_id[0x60] high edge lint[0x1])
[    0.000000] ACPI: LAPIC_NMI (acpi_id[0x61] high edge lint[0x1])
[    0.000000] ACPI: LAPIC_NMI (acpi_id[0x62] high edge lint[0x1])
[    0.000000] ACPI: LAPIC_NMI (acpi_id[0x63] high edge lint[0x1])
[    0.000000] ACPI: LAPIC_NMI (acpi_id[0x64] high edge lint[0x1])
[    0.000000] ACPI: LAPIC_NMI (acpi_id[0x65] high edge lint[0x1])
[    0.000000] ACPI: LAPIC_NMI (acpi_id[0x66] high edge lint[0x1])
[    0.000000] ACPI: LAPIC_NMI (acpi_id[0x67] high edge lint[0x1])
[    0.000000] ACPI: LAPIC_NMI (acpi_id[0x68] high edge lint[0x1])
[    0.000000] ACPI: LAPIC_NMI (acpi_id[0x69] high edge lint[0x1])
[    0.000000] ACPI: LAPIC_NMI (acpi_id[0x6a] high edge lint[0x1])
[    0.000000] ACPI: LAPIC_NMI (acpi_id[0x6b] high edge lint[0x1])
[    0.000000] ACPI: LAPIC_NMI (acpi_id[0x6c] high edge lint[0x1])
[    0.000000] ACPI: LAPIC_NMI (acpi_id[0x6d] high edge lint[0x1])
[    0.000000] ACPI: LAPIC_NMI (acpi_id[0x6e] high edge lint[0x1])
[    0.000000] ACPI: LAPIC_NMI (acpi_id[0x6f] high edge lint[0x1])
[    0.000000] ACPI: LAPIC_NMI (acpi_id[0x70] high edge lint[0x1])
[    0.000000] ACPI: LAPIC_NMI (acpi_id[0x71] high edge lint[0x1])
[    0.000000] ACPI: LAPIC_NMI (acpi_id[0x72] high edge lint[0x1])
[    0.000000] ACPI: LAPIC_NMI (acpi_id[0x73] high edge lint[0x1])
[    0.000000] ACPI: LAPIC_NMI (acpi_id[0x74] high edge lint[0x1])
[    0.000000] ACPI: LAPIC_NMI (acpi_id[0x75] high edge lint[0x1])
[    0.000000] ACPI: LAPIC_NMI (acpi_id[0x76] high edge lint[0x1])
[    0.000000] ACPI: LAPIC_NMI (acpi_id[0x77] high edge lint[0x1])
[    0.000000] ACPI: LAPIC_NMI (acpi_id[0x78] high edge lint[0x1])
[    0.000000] ACPI: LAPIC_NMI (acpi_id[0x79] high edge lint[0x1])
[    0.000000] ACPI: LAPIC_NMI (acpi_id[0x7a] high edge lint[0x1])
[    0.000000] ACPI: LAPIC_NMI (acpi_id[0x7b] high edge lint[0x1])
[    0.000000] ACPI: LAPIC_NMI (acpi_id[0x7c] high edge lint[0x1])
[    0.000000] ACPI: LAPIC_NMI (acpi_id[0x7d] high edge lint[0x1])
[    0.000000] ACPI: LAPIC_NMI (acpi_id[0x7e] high edge lint[0x1])
[    0.000000] ACPI: LAPIC_NMI (acpi_id[0x7f] high edge lint[0x1])
[    0.000000] ACPI: IOAPIC (id[0x01] address[0xfec00000] gsi_base[0])
[    0.000000] IOAPIC[0]: apic_id 1, version 32, address 0xfec00000, GSI 0-23
[    0.000000] ACPI: INT_SRC_OVR (bus 0 bus_irq 0 global_irq 2 high edge)
[    0.000000] ACPI: IRQ0 used by override.
[    0.000000] ACPI: IRQ9 used by override.
[    0.000000] Using ACPI (MADT) for SMP configuration information
[    0.000000] ACPI: HPET id: 0x8086af01 base: 0xfed00000
[    0.000000] smpboot: Allowing 128 CPUs, 127 hotplug CPUs
[    0.000000] PM: Registered nosave memory: [mem 0x0009e000-0x0009efff]
[    0.000000] PM: Registered nosave memory: [mem 0x0009f000-0x0009ffff]
[    0.000000] PM: Registered nosave memory: [mem 0x000a0000-0x000dbfff]
[    0.000000] PM: Registered nosave memory: [mem 0x000dc000-0x000fffff]
[    0.000000] PM: Registered nosave memory: [mem 0x7fee0000-0x7fefefff]
[    0.000000] PM: Registered nosave memory: [mem 0x7feff000-0x7fefffff]
[    0.000000] e820: [mem 0x80000000-0xefffffff] available for PCI devices
[    0.000000] Booting paravirtualized kernel on VMware hypervisor
[    0.000000] setup_percpu: NR_CPUS:5120 nr_cpumask_bits:128 nr_cpu_ids:128 nr_node_ids:1
[    0.000000] PERCPU: Embedded 38 pages/cpu @ffff8d507b600000 s118784 r8192 d28672 u262144
[    0.000000] pcpu-alloc: s118784 r8192 d28672 u262144 alloc=1*2097152
[    0.000000] pcpu-alloc: [0] 000 001 002 003 004 005 006 007 
[    0.000000] pcpu-alloc: [0] 008 009 010 011 012 013 014 015 
[    0.000000] pcpu-alloc: [0] 016 017 018 019 020 021 022 023 
[    0.000000] pcpu-alloc: [0] 024 025 026 027 028 029 030 031 
[    0.000000] pcpu-alloc: [0] 032 033 034 035 036 037 038 039 
[    0.000000] pcpu-alloc: [0] 040 041 042 043 044 045 046 047 
[    0.000000] pcpu-alloc: [0] 048 049 050 051 052 053 054 055 
[    0.000000] pcpu-alloc: [0] 056 057 058 059 060 061 062 063 
[    0.000000] pcpu-alloc: [0] 064 065 066 067 068 069 070 071 
[    0.000000] pcpu-alloc: [0] 072 073 074 075 076 077 078 079 
[    0.000000] pcpu-alloc: [0] 080 081 082 083 084 085 086 087 
[    0.000000] pcpu-alloc: [0] 088 089 090 091 092 093 094 095 
[    0.000000] pcpu-alloc: [0] 096 097 098 099 100 101 102 103 
[    0.000000] pcpu-alloc: [0] 104 105 106 107 108 109 110 111 
[    0.000000] pcpu-alloc: [0] 112 113 114 115 116 117 118 119 
[    0.000000] pcpu-alloc: [0] 120 121 122 123 124 125 126 127 
[    0.000000] Built 1 zonelists in Node order, mobility grouping on.  Total pages: 515944
[    0.000000] Policy zone: DMA32
[    0.000000] Kernel command line: BOOT_IMAGE=/vmlinuz-3.10.0-1062.el7.x86_64 root=UUID=24129bee-1caa-4bf7-aec3-698296f786cb ro crashkernel=auto spectre_v2=retpoline rhgb quiet LANG=en_US.UTF-8
[    0.000000] PID hash table entries: 4096 (order: 3, 32768 bytes)
[    0.000000] x86/fpu: xstate_offset[2]: 0240, xstate_sizes[2]: 0100
[    0.000000] x86/fpu: xstate_offset[3]: 03c0, xstate_sizes[3]: 0040
[    0.000000] x86/fpu: xstate_offset[4]: 0400, xstate_sizes[4]: 0040
[    0.000000] xsave: enabled xstate_bv 0x1f, cntxt size 0x440 using standard form
[    0.000000] Memory: 1831548k/2097152k available (7756k kernel code, 524k absent, 265080k reserved, 5971k data, 1984k init)
[    0.000000] SLUB: HWalign=64, Order=0-3, MinObjects=0, CPUs=128, Nodes=1
[    0.000000] x86/pti: Unmapping kernel while in userspace
[    0.000000] Hierarchical RCU implementation.
[    0.000000]  RCU restricting CPUs from NR_CPUS=5120 to nr_cpu_ids=128.
[    0.000000] NR_IRQS:327936 nr_irqs:1448 0
[    0.000000] Console: colour VGA+ 80x25
[    0.000000] console [tty0] enabled
[    0.000000] allocated 8388608 bytes of page_cgroup
[    0.000000] please try 'cgroup_disable=memory' option if you don't want memory cgroups
[    0.000000] hpet clockevent registered
[    0.000000] tsc: Detected 3191.997 MHz processor
[    0.040188] Calibrating delay loop (skipped) preset value.. 6383.99 BogoMIPS (lpj=3191997)
[    0.040190] pid_max: default: 131072 minimum: 1024
[    0.040229] Security Framework initialized
[    0.040233] SELinux:  Initializing.
[    0.040248] SELinux:  Starting in permissive mode
[    0.040248] Yama: becoming mindful.
[    0.040349] Dentry cache hash table entries: 262144 (order: 9, 2097152 bytes)
[    0.040827] Inode-cache hash table entries: 131072 (order: 8, 1048576 bytes)
[    0.041056] Mount-cache hash table entries: 4096 (order: 3, 32768 bytes)
[    0.041057] Mountpoint-cache hash table entries: 4096 (order: 3, 32768 bytes)
[    0.041243] Initializing cgroup subsys memory
[    0.041253] Initializing cgroup subsys devices
[    0.041254] Initializing cgroup subsys freezer
[    0.041255] Initializing cgroup subsys net_cls
[    0.041256] Initializing cgroup subsys blkio
[    0.041257] Initializing cgroup subsys perf_event
[    0.041259] Initializing cgroup subsys hugetlb
[    0.041260] Initializing cgroup subsys pids
[    0.041260] Initializing cgroup subsys net_prio
[    0.041328] Disabled fast string operations
[    0.042376] Last level iTLB entries: 4KB 0, 2MB 0, 4MB 0
[    0.042376] Last level dTLB entries: 4KB 64, 2MB 0, 4MB 0
[    0.042377] tlb_flushall_shift: 6
[    0.042408] Speculative Store Bypass: Mitigation: Speculative Store Bypass disabled via prctl and seccomp
[    0.042440] FEATURE SPEC_CTRL Present
[    0.042441] FEATURE IBPB_SUPPORT Present
[    0.042442] Spectre V2 : retpoline selected on command line.
[    0.042443] Spectre V2 : Enabling Indirect Branch Prediction Barrier
[    0.042600] Spectre V2 : Mitigation: Full retpoline
[    0.042629] MDS: Vulnerable: Clear CPU buffers attempted, no microcode
[    0.060429] ACPI: Core revision 20130517
[    0.065914] ACPI: All ACPI Tables successfully acquired
[    0.066738] ftrace: allocating 29538 entries in 116 pages
[    0.090010] Enabling x2apic
[    0.090025] Enabled x2apic
[    0.090067] Switched APIC routing to physical x2apic.
[    0.090365] ..TIMER: vector=0x30 apic1=0 pin1=2 apic2=-1 pin2=-1
[    0.090367] smpboot: CPU0: Intel(R) Core(TM) i7-8700 CPU @ 3.20GHz (fam: 06, model: 9e, stepping: 0a)
[    0.090380] TSC deadline timer enabled
[    0.090435] Performance Events: Skylake events, core PMU driver.
[    0.090445] core: CPUID marked event: 'cpu cycles' unavailable
[    0.090446] core: CPUID marked event: 'instructions' unavailable
[    0.090447] core: CPUID marked event: 'bus cycles' unavailable
[    0.090447] core: CPUID marked event: 'cache references' unavailable
[    0.090448] core: CPUID marked event: 'cache misses' unavailable
[    0.090448] core: CPUID marked event: 'branch instructions' unavailable
[    0.090449] core: CPUID marked event: 'branch misses' unavailable
[    0.090451] ... version:                1
[    0.090451] ... bit width:              48
[    0.090452] ... generic registers:      4
[    0.090452] ... value mask:             0000ffffffffffff
[    0.090453] ... max period:             000000007fffffff
[    0.090454] ... fixed-purpose events:   0
[    0.090454] ... event mask:             000000000000000f
[    0.091969] Brought up 1 CPUs
[    0.091971] smpboot: Max logical packages: 128
[    0.091972] smpboot: Total of 1 processors activated (6383.99 BogoMIPS)
[    0.092290] NMI watchdog: disabled (cpu0): hardware events not enabled
[    0.092291] NMI watchdog: Shutting down hard lockup detector on all cpus
[    0.092424] devtmpfs: initialized
[    0.092467] x86/mm: Memory block size: 128MB
[    0.093624] EVM: security.selinux
[    0.093625] EVM: security.ima
[    0.093626] EVM: security.capability
[    0.093670] PM: Registering ACPI NVS region [mem 0x7feff000-0x7fefffff] (4096 bytes)
[    0.094366] atomic64 test passed for x86-64 platform with CX8 and with SSE
[    0.094368] pinctrl core: initialized pinctrl subsystem
[    0.094458] RTC time: 13:20:56, date: 12/08/20
[    0.094535] NET: Registered protocol family 16
[    0.094649] ACPI: bus type PCI registered
[    0.094651] acpiphp: ACPI Hot Plug PCI Controller Driver version: 0.5
[    0.094773] PCI: MMCONFIG for domain 0000 [bus 00-7f] at [mem 0xf0000000-0xf7ffffff] (base 0xf0000000)
[    0.094775] PCI: MMCONFIG at [mem 0xf0000000-0xf7ffffff] reserved in E820
[    0.094778] PCI: Using configuration type 1 for base access
[    0.095623] ACPI: Added _OSI(Module Device)
[    0.095624] ACPI: Added _OSI(Processor Device)
[    0.095625] ACPI: Added _OSI(3.0 _SCP Extensions)
[    0.095625] ACPI: Added _OSI(Processor Aggregator Device)
[    0.095626] ACPI: Added _OSI(Linux-Dell-Video)
[    0.097323] ACPI: EC: Look up EC in DSDT
[    0.100625] ACPI: [Firmware Bug]: BIOS _OSI(Linux) query ignored
[    0.109886] ACPI: Interpreter enabled
[    0.109892] ACPI: (supports S0 S1 S4 S5)
[    0.109893] ACPI: Using IOAPIC for interrupt routing
[    0.109904] PCI: Using host bridge windows from ACPI; if necessary, use "pci=nocrs" and report a bug
[    0.110053] ACPI: Enabled 4 GPEs in block 00 to 0F
[    0.154856] ACPI: PCI Root Bridge [PCI0] (domain 0000 [bus 00-7f])
[    0.154862] acpi PNP0A03:00: _OSC: OS supports [ExtendedConfig ASPM ClockPM Segments MSI]
[    0.154970] acpi PNP0A03:00: _OSC: platform does not support [AER]
[    0.155085] acpi PNP0A03:00: _OSC: OS now controls [PCIeHotplug SHPCHotplug PME PCIeCapability]
[    0.156286] PCI host bridge to bus 0000:00
[    0.156288] pci_bus 0000:00: root bus resource [mem 0x000a0000-0x000bffff window]
[    0.156290] pci_bus 0000:00: root bus resource [mem 0x000d0000-0x000d3fff window]
[    0.156291] pci_bus 0000:00: root bus resource [mem 0x000d4000-0x000d7fff window]
[    0.156292] pci_bus 0000:00: root bus resource [mem 0x000d8000-0x000dbfff window]
[    0.156293] pci_bus 0000:00: root bus resource [mem 0xc0000000-0xfebfffff window]
[    0.156294] pci_bus 0000:00: root bus resource [io  0x0000-0x0cf7 window]
[    0.156295] pci_bus 0000:00: root bus resource [io  0x0d00-0xfeff window]
[    0.156296] pci_bus 0000:00: root bus resource [bus 00-7f]
[    0.156336] pci 0000:00:00.0: [8086:7190] type 00 class 0x060000
[    0.156823] pci 0000:00:01.0: [8086:7191] type 01 class 0x060400
[    0.157206] pci 0000:00:07.0: [8086:7110] type 00 class 0x060100
[    0.157750] pci 0000:00:07.1: [8086:7111] type 00 class 0x01018a
[    0.158535] pci 0000:00:07.1: reg 0x20: [io  0x1060-0x106f]
[    0.158856] pci 0000:00:07.1: legacy IDE quirk: reg 0x10: [io  0x01f0-0x01f7]
[    0.158857] pci 0000:00:07.1: legacy IDE quirk: reg 0x14: [io  0x03f6]
[    0.158858] pci 0000:00:07.1: legacy IDE quirk: reg 0x18: [io  0x0170-0x0177]
[    0.158858] pci 0000:00:07.1: legacy IDE quirk: reg 0x1c: [io  0x0376]
[    0.159017] pci 0000:00:07.3: [8086:7113] type 00 class 0x068000
[    0.160022] pci 0000:00:07.3: quirk: [io  0x1000-0x103f] claimed by PIIX4 ACPI
[    0.160041] pci 0000:00:07.3: quirk: [io  0x1040-0x104f] claimed by PIIX4 SMB
[    0.160279] pci 0000:00:07.7: [15ad:0740] type 00 class 0x088000
[    0.160548] pci 0000:00:07.7: reg 0x10: [io  0x1080-0x10bf]
[    0.160786] pci 0000:00:07.7: reg 0x14: [mem 0xfebfe000-0xfebfffff 64bit]
[    0.162017] pci 0000:00:0f.0: [15ad:0405] type 00 class 0x030000
[    0.162626] pci 0000:00:0f.0: reg 0x10: [io  0x1070-0x107f]
[    0.163127] pci 0000:00:0f.0: reg 0x14: [mem 0xe8000000-0xefffffff pref]
[    0.163616] pci 0000:00:0f.0: reg 0x18: [mem 0xfe000000-0xfe7fffff]
[    0.165564] pci 0000:00:0f.0: reg 0x30: [mem 0x00000000-0x00007fff pref]
[    0.165925] pci 0000:00:10.0: [1000:0030] type 00 class 0x010000
[    0.166245] pci 0000:00:10.0: reg 0x10: [io  0x1400-0x14ff]
[    0.166539] pci 0000:00:10.0: reg 0x14: [mem 0xfeba0000-0xfebbffff 64bit]
[    0.166832] pci 0000:00:10.0: reg 0x1c: [mem 0xfebc0000-0xfebdffff 64bit]
[    0.167359] pci 0000:00:10.0: reg 0x30: [mem 0x00000000-0x00003fff pref]
[    0.167655] pci 0000:00:11.0: [15ad:0790] type 01 class 0x060401
[    0.168092] pci 0000:00:11.0: System wakeup disabled by ACPI
[    0.168222] pci 0000:00:15.0: [15ad:07a0] type 01 class 0x060400
[    0.168759] pci 0000:00:15.0: PME# supported from D0 D3hot D3cold
[    0.168936] pci 0000:00:15.0: System wakeup disabled by ACPI
[    0.169051] pci 0000:00:15.1: [15ad:07a0] type 01 class 0x060400
[    0.169601] pci 0000:00:15.1: PME# supported from D0 D3hot D3cold
[    0.169785] pci 0000:00:15.1: System wakeup disabled by ACPI
[    0.169883] pci 0000:00:15.2: [15ad:07a0] type 01 class 0x060400
[    0.170430] pci 0000:00:15.2: PME# supported from D0 D3hot D3cold
[    0.170606] pci 0000:00:15.2: System wakeup disabled by ACPI
[    0.170700] pci 0000:00:15.3: [15ad:07a0] type 01 class 0x060400
[    0.171246] pci 0000:00:15.3: PME# supported from D0 D3hot D3cold
[    0.171422] pci 0000:00:15.3: System wakeup disabled by ACPI
[    0.171519] pci 0000:00:15.4: [15ad:07a0] type 01 class 0x060400
[    0.172054] pci 0000:00:15.4: PME# supported from D0 D3hot D3cold
[    0.172238] pci 0000:00:15.4: System wakeup disabled by ACPI
[    0.172333] pci 0000:00:15.5: [15ad:07a0] type 01 class 0x060400
[    0.172866] pci 0000:00:15.5: PME# supported from D0 D3hot D3cold
[    0.173049] pci 0000:00:15.5: System wakeup disabled by ACPI
[    0.173146] pci 0000:00:15.6: [15ad:07a0] type 01 class 0x060400
[    0.173686] pci 0000:00:15.6: PME# supported from D0 D3hot D3cold
[    0.173861] pci 0000:00:15.6: System wakeup disabled by ACPI
[    0.173955] pci 0000:00:15.7: [15ad:07a0] type 01 class 0x060400
[    0.174509] pci 0000:00:15.7: PME# supported from D0 D3hot D3cold
[    0.174685] pci 0000:00:15.7: System wakeup disabled by ACPI
[    0.174787] pci 0000:00:16.0: [15ad:07a0] type 01 class 0x060400
[    0.175337] pci 0000:00:16.0: PME# supported from D0 D3hot D3cold
[    0.175514] pci 0000:00:16.0: System wakeup disabled by ACPI
[    0.175611] pci 0000:00:16.1: [15ad:07a0] type 01 class 0x060400
[    0.176146] pci 0000:00:16.1: PME# supported from D0 D3hot D3cold
[    0.176326] pci 0000:00:16.1: System wakeup disabled by ACPI
[    0.176424] pci 0000:00:16.2: [15ad:07a0] type 01 class 0x060400
[    0.176956] pci 0000:00:16.2: PME# supported from D0 D3hot D3cold
[    0.177132] pci 0000:00:16.2: System wakeup disabled by ACPI
[    0.177231] pci 0000:00:16.3: [15ad:07a0] type 01 class 0x060400
[    0.177763] pci 0000:00:16.3: PME# supported from D0 D3hot D3cold
[    0.177939] pci 0000:00:16.3: System wakeup disabled by ACPI
[    0.178035] pci 0000:00:16.4: [15ad:07a0] type 01 class 0x060400
[    0.178579] pci 0000:00:16.4: PME# supported from D0 D3hot D3cold
[    0.178754] pci 0000:00:16.4: System wakeup disabled by ACPI
[    0.178852] pci 0000:00:16.5: [15ad:07a0] type 01 class 0x060400
[    0.179394] pci 0000:00:16.5: PME# supported from D0 D3hot D3cold
[    0.179570] pci 0000:00:16.5: System wakeup disabled by ACPI
[    0.179667] pci 0000:00:16.6: [15ad:07a0] type 01 class 0x060400
[    0.180201] pci 0000:00:16.6: PME# supported from D0 D3hot D3cold
[    0.180381] pci 0000:00:16.6: System wakeup disabled by ACPI
[    0.180475] pci 0000:00:16.7: [15ad:07a0] type 01 class 0x060400
[    0.181007] pci 0000:00:16.7: PME# supported from D0 D3hot D3cold
[    0.181189] pci 0000:00:16.7: System wakeup disabled by ACPI
[    0.181294] pci 0000:00:17.0: [15ad:07a0] type 01 class 0x060400
[    0.181827] pci 0000:00:17.0: PME# supported from D0 D3hot D3cold
[    0.182002] pci 0000:00:17.0: System wakeup disabled by ACPI
[    0.182105] pci 0000:00:17.1: [15ad:07a0] type 01 class 0x060400
[    0.182642] pci 0000:00:17.1: PME# supported from D0 D3hot D3cold
[    0.182818] pci 0000:00:17.1: System wakeup disabled by ACPI
[    0.182914] pci 0000:00:17.2: [15ad:07a0] type 01 class 0x060400
[    0.183467] pci 0000:00:17.2: PME# supported from D0 D3hot D3cold
[    0.183644] pci 0000:00:17.2: System wakeup disabled by ACPI
[    0.183737] pci 0000:00:17.3: [15ad:07a0] type 01 class 0x060400
[    0.184282] pci 0000:00:17.3: PME# supported from D0 D3hot D3cold
[    0.184458] pci 0000:00:17.3: System wakeup disabled by ACPI
[    0.184555] pci 0000:00:17.4: [15ad:07a0] type 01 class 0x060400
[    0.185089] pci 0000:00:17.4: PME# supported from D0 D3hot D3cold
[    0.185267] pci 0000:00:17.4: System wakeup disabled by ACPI
[    0.185368] pci 0000:00:17.5: [15ad:07a0] type 01 class 0x060400
[    0.185902] pci 0000:00:17.5: PME# supported from D0 D3hot D3cold
[    0.186084] pci 0000:00:17.5: System wakeup disabled by ACPI
[    0.186181] pci 0000:00:17.6: [15ad:07a0] type 01 class 0x060400
[    0.186720] pci 0000:00:17.6: PME# supported from D0 D3hot D3cold
[    0.186896] pci 0000:00:17.6: System wakeup disabled by ACPI
[    0.186989] pci 0000:00:17.7: [15ad:07a0] type 01 class 0x060400
[    0.187528] pci 0000:00:17.7: PME# supported from D0 D3hot D3cold
[    0.187708] pci 0000:00:17.7: System wakeup disabled by ACPI
[    0.187809] pci 0000:00:18.0: [15ad:07a0] type 01 class 0x060400
[    0.188348] pci 0000:00:18.0: PME# supported from D0 D3hot D3cold
[    0.188525] pci 0000:00:18.0: System wakeup disabled by ACPI
[    0.188622] pci 0000:00:18.1: [15ad:07a0] type 01 class 0x060400
[    0.189238] pci 0000:00:18.1: PME# supported from D0 D3hot D3cold
[    0.189513] pci 0000:00:18.1: System wakeup disabled by ACPI
[    0.189637] pci 0000:00:18.2: [15ad:07a0] type 01 class 0x060400
[    0.190173] pci 0000:00:18.2: PME# supported from D0 D3hot D3cold
[    0.190350] pci 0000:00:18.2: System wakeup disabled by ACPI
[    0.190451] pci 0000:00:18.3: [15ad:07a0] type 01 class 0x060400
[    0.190985] pci 0000:00:18.3: PME# supported from D0 D3hot D3cold
[    0.191161] pci 0000:00:18.3: System wakeup disabled by ACPI
[    0.191259] pci 0000:00:18.4: [15ad:07a0] type 01 class 0x060400
[    0.191797] pci 0000:00:18.4: PME# supported from D0 D3hot D3cold
[    0.191973] pci 0000:00:18.4: System wakeup disabled by ACPI
[    0.192075] pci 0000:00:18.5: [15ad:07a0] type 01 class 0x060400
[    0.192614] pci 0000:00:18.5: PME# supported from D0 D3hot D3cold
[    0.192791] pci 0000:00:18.5: System wakeup disabled by ACPI
[    0.192887] pci 0000:00:18.6: [15ad:07a0] type 01 class 0x060400
[    0.193432] pci 0000:00:18.6: PME# supported from D0 D3hot D3cold
[    0.193608] pci 0000:00:18.6: System wakeup disabled by ACPI
[    0.193702] pci 0000:00:18.7: [15ad:07a0] type 01 class 0x060400
[    0.194236] pci 0000:00:18.7: PME# supported from D0 D3hot D3cold
[    0.194412] pci 0000:00:18.7: System wakeup disabled by ACPI
[    0.194832] pci 0000:00:01.0: PCI bridge to [bus 01]
[    0.195109] acpiphp: Slot [32] registered
[    0.195139] acpiphp: Slot [33] registered
[    0.195168] acpiphp: Slot [34] registered
[    0.195197] acpiphp: Slot [35] registered
[    0.195226] acpiphp: Slot [36] registered
[    0.195256] acpiphp: Slot [37] registered
[    0.195285] acpiphp: Slot [38] registered
[    0.195314] acpiphp: Slot [39] registered
[    0.195343] acpiphp: Slot [40] registered
[    0.195373] acpiphp: Slot [41] registered
[    0.195402] acpiphp: Slot [42] registered
[    0.195431] acpiphp: Slot [43] registered
[    0.195464] acpiphp: Slot [44] registered
[    0.195496] acpiphp: Slot [45] registered
[    0.195525] acpiphp: Slot [46] registered
[    0.195554] acpiphp: Slot [47] registered
[    0.195582] acpiphp: Slot [48] registered
[    0.195611] acpiphp: Slot [49] registered
[    0.195639] acpiphp: Slot [50] registered
[    0.195668] acpiphp: Slot [51] registered
[    0.195696] acpiphp: Slot [52] registered
[    0.195725] acpiphp: Slot [53] registered
[    0.195754] acpiphp: Slot [54] registered
[    0.195782] acpiphp: Slot [55] registered
[    0.195811] acpiphp: Slot [56] registered
[    0.195839] acpiphp: Slot [57] registered
[    0.195868] acpiphp: Slot [58] registered
[    0.195899] acpiphp: Slot [59] registered
[    0.195928] acpiphp: Slot [60] registered
[    0.195959] acpiphp: Slot [61] registered
[    0.195994] acpiphp: Slot [62] registered
[    0.196023] acpiphp: Slot [63] registered
[    0.196079] pci 0000:02:00.0: [15ad:0774] type 00 class 0x0c0300
[    0.196825] pci 0000:02:00.0: reg 0x20: [io  0x2080-0x209f]
[    0.197380] pci 0000:02:00.0: System wakeup disabled by ACPI
[    0.197454] pci 0000:02:01.0: [8086:100f] type 00 class 0x020000
[    0.197817] pci 0000:02:01.0: reg 0x10: [mem 0xfd5c0000-0xfd5dffff 64bit]
[    0.198110] pci 0000:02:01.0: reg 0x18: [mem 0xfdff0000-0xfdffffff 64bit]
[    0.198371] pci 0000:02:01.0: reg 0x20: [io  0x2000-0x203f]
[    0.198891] pci 0000:02:01.0: reg 0x30: [mem 0x00000000-0x0000ffff pref]
[    0.199122] pci 0000:02:01.0: PME# supported from D0 D3hot D3cold
[    0.199245] pci 0000:02:01.0: System wakeup disabled by ACPI
[    0.199311] pci 0000:02:02.0: [1274:1371] type 00 class 0x040100
[    0.199508] pci 0000:02:02.0: reg 0x10: [io  0x2040-0x207f]
[    0.200683] pci 0000:02:02.0: System wakeup disabled by ACPI
[    0.200751] pci 0000:02:03.0: [15ad:0770] type 00 class 0x0c0320
[    0.200913] pci 0000:02:03.0: reg 0x10: [mem 0xfd5ef000-0xfd5effff]
[    0.201887] pci 0000:02:03.0: System wakeup disabled by ACPI
[    0.201989] pci 0000:02:05.0: [15ad:07e0] type 00 class 0x010601
[    0.202755] pci 0000:02:05.0: reg 0x24: [mem 0xfd5ee000-0xfd5eefff]
[    0.202872] pci 0000:02:05.0: reg 0x30: [mem 0x00000000-0x0000ffff pref]
[    0.203177] pci 0000:02:05.0: PME# supported from D3hot
[    0.203327] pci 0000:02:05.0: System wakeup disabled by ACPI
[    0.203540] pci 0000:00:11.0: PCI bridge to [bus 02] (subtractive decode)
[    0.203556] pci 0000:00:11.0:   bridge window [io  0x2000-0x3fff]
[    0.203577] pci 0000:00:11.0:   bridge window [mem 0xfd500000-0xfdffffff]
[    0.203608] pci 0000:00:11.0:   bridge window [mem 0xe7b00000-0xe7ffffff 64bit pref]
[    0.203610] pci 0000:00:11.0:   bridge window [mem 0x000a0000-0x000bffff window] (subtractive decode)
[    0.203611] pci 0000:00:11.0:   bridge window [mem 0x000d0000-0x000d3fff window] (subtractive decode)
[    0.203612] pci 0000:00:11.0:   bridge window [mem 0x000d4000-0x000d7fff window] (subtractive decode)
[    0.203613] pci 0000:00:11.0:   bridge window [mem 0x000d8000-0x000dbfff window] (subtractive decode)
[    0.203614] pci 0000:00:11.0:   bridge window [mem 0xc0000000-0xfebfffff window] (subtractive decode)
[    0.203615] pci 0000:00:11.0:   bridge window [io  0x0000-0x0cf7 window] (subtractive decode)
[    0.203616] pci 0000:00:11.0:   bridge window [io  0x0d00-0xfeff window] (subtractive decode)
[    0.203871] pci 0000:00:15.0: PCI bridge to [bus 03]
[    0.203887] pci 0000:00:15.0:   bridge window [io  0x4000-0x4fff]
[    0.203904] pci 0000:00:15.0:   bridge window [mem 0xfd400000-0xfd4fffff]
[    0.203935] pci 0000:00:15.0:   bridge window [mem 0xe7a00000-0xe7afffff 64bit pref]
[    0.204198] pci 0000:00:15.1: PCI bridge to [bus 04]
[    0.204214] pci 0000:00:15.1:   bridge window [io  0x8000-0x8fff]
[    0.204230] pci 0000:00:15.1:   bridge window [mem 0xfd000000-0xfd0fffff]
[    0.204262] pci 0000:00:15.1:   bridge window [mem 0xe7600000-0xe76fffff 64bit pref]
[    0.204506] pci 0000:00:15.2: PCI bridge to [bus 05]
[    0.204522] pci 0000:00:15.2:   bridge window [io  0xc000-0xcfff]
[    0.204538] pci 0000:00:15.2:   bridge window [mem 0xfcc00000-0xfccfffff]
[    0.204569] pci 0000:00:15.2:   bridge window [mem 0xe7200000-0xe72fffff 64bit pref]
[    0.204826] pci 0000:00:15.3: PCI bridge to [bus 06]
[    0.204857] pci 0000:00:15.3:   bridge window [mem 0xfc800000-0xfc8fffff]
[    0.204888] pci 0000:00:15.3:   bridge window [mem 0xe6e00000-0xe6efffff 64bit pref]
[    0.205145] pci 0000:00:15.4: PCI bridge to [bus 07]
[    0.205176] pci 0000:00:15.4:   bridge window [mem 0xfc400000-0xfc4fffff]
[    0.205207] pci 0000:00:15.4:   bridge window [mem 0xe6a00000-0xe6afffff 64bit pref]
[    0.205451] pci 0000:00:15.5: PCI bridge to [bus 08]
[    0.205482] pci 0000:00:15.5:   bridge window [mem 0xfc000000-0xfc0fffff]
[    0.205514] pci 0000:00:15.5:   bridge window [mem 0xe6600000-0xe66fffff 64bit pref]
[    0.205766] pci 0000:00:15.6: PCI bridge to [bus 09]
[    0.205796] pci 0000:00:15.6:   bridge window [mem 0xfbc00000-0xfbcfffff]
[    0.205828] pci 0000:00:15.6:   bridge window [mem 0xe6200000-0xe62fffff 64bit pref]
[    0.206081] pci 0000:00:15.7: PCI bridge to [bus 0a]
[    0.206112] pci 0000:00:15.7:   bridge window [mem 0xfb800000-0xfb8fffff]
[    0.206143] pci 0000:00:15.7:   bridge window [mem 0xe5e00000-0xe5efffff 64bit pref]
[    0.206387] pci 0000:00:16.0: PCI bridge to [bus 0b]
[    0.206403] pci 0000:00:16.0:   bridge window [io  0x5000-0x5fff]
[    0.206420] pci 0000:00:16.0:   bridge window [mem 0xfd300000-0xfd3fffff]
[    0.206451] pci 0000:00:16.0:   bridge window [mem 0xe7900000-0xe79fffff 64bit pref]
[    0.206705] pci 0000:00:16.1: PCI bridge to [bus 0c]
[    0.206721] pci 0000:00:16.1:   bridge window [io  0x9000-0x9fff]
[    0.206737] pci 0000:00:16.1:   bridge window [mem 0xfcf00000-0xfcffffff]
[    0.206768] pci 0000:00:16.1:   bridge window [mem 0xe7500000-0xe75fffff 64bit pref]
[    0.207016] pci 0000:00:16.2: PCI bridge to [bus 0d]
[    0.207033] pci 0000:00:16.2:   bridge window [io  0xd000-0xdfff]
[    0.207049] pci 0000:00:16.2:   bridge window [mem 0xfcb00000-0xfcbfffff]
[    0.207080] pci 0000:00:16.2:   bridge window [mem 0xe7100000-0xe71fffff 64bit pref]
[    0.207324] pci 0000:00:16.3: PCI bridge to [bus 0e]
[    0.207355] pci 0000:00:16.3:   bridge window [mem 0xfc700000-0xfc7fffff]
[    0.207386] pci 0000:00:16.3:   bridge window [mem 0xe6d00000-0xe6dfffff 64bit pref]
[    0.207638] pci 0000:00:16.4: PCI bridge to [bus 0f]
[    0.207669] pci 0000:00:16.4:   bridge window [mem 0xfc300000-0xfc3fffff]
[    0.207699] pci 0000:00:16.4:   bridge window [mem 0xe6900000-0xe69fffff 64bit pref]
[    0.207947] pci 0000:00:16.5: PCI bridge to [bus 10]
[    0.207979] pci 0000:00:16.5:   bridge window [mem 0xfbf00000-0xfbffffff]
[    0.208010] pci 0000:00:16.5:   bridge window [mem 0xe6500000-0xe65fffff 64bit pref]
[    0.208254] pci 0000:00:16.6: PCI bridge to [bus 11]
[    0.208285] pci 0000:00:16.6:   bridge window [mem 0xfbb00000-0xfbbfffff]
[    0.208316] pci 0000:00:16.6:   bridge window [mem 0xe6100000-0xe61fffff 64bit pref]
[    0.208567] pci 0000:00:16.7: PCI bridge to [bus 12]
[    0.208598] pci 0000:00:16.7:   bridge window [mem 0xfb700000-0xfb7fffff]
[    0.208633] pci 0000:00:16.7:   bridge window [mem 0xe5d00000-0xe5dfffff 64bit pref]
[    0.208879] pci 0000:00:17.0: PCI bridge to [bus 13]
[    0.208895] pci 0000:00:17.0:   bridge window [io  0x6000-0x6fff]
[    0.208911] pci 0000:00:17.0:   bridge window [mem 0xfd200000-0xfd2fffff]
[    0.208948] pci 0000:00:17.0:   bridge window [mem 0xe7800000-0xe78fffff 64bit pref]
[    0.209196] pci 0000:00:17.1: PCI bridge to [bus 14]
[    0.209212] pci 0000:00:17.1:   bridge window [io  0xa000-0xafff]
[    0.209229] pci 0000:00:17.1:   bridge window [mem 0xfce00000-0xfcefffff]
[    0.209260] pci 0000:00:17.1:   bridge window [mem 0xe7400000-0xe74fffff 64bit pref]
[    0.209510] pci 0000:00:17.2: PCI bridge to [bus 15]
[    0.209527] pci 0000:00:17.2:   bridge window [io  0xe000-0xefff]
[    0.209543] pci 0000:00:17.2:   bridge window [mem 0xfca00000-0xfcafffff]
[    0.209574] pci 0000:00:17.2:   bridge window [mem 0xe7000000-0xe70fffff 64bit pref]
[    0.209824] pci 0000:00:17.3: PCI bridge to [bus 16]
[    0.209856] pci 0000:00:17.3:   bridge window [mem 0xfc600000-0xfc6fffff]
[    0.209887] pci 0000:00:17.3:   bridge window [mem 0xe6c00000-0xe6cfffff 64bit pref]
[    0.210140] pci 0000:00:17.4: PCI bridge to [bus 17]
[    0.210171] pci 0000:00:17.4:   bridge window [mem 0xfc200000-0xfc2fffff]
[    0.210202] pci 0000:00:17.4:   bridge window [mem 0xe6800000-0xe68fffff 64bit pref]
[    0.210454] pci 0000:00:17.5: PCI bridge to [bus 18]
[    0.210485] pci 0000:00:17.5:   bridge window [mem 0xfbe00000-0xfbefffff]
[    0.210516] pci 0000:00:17.5:   bridge window [mem 0xe6400000-0xe64fffff 64bit pref]
[    0.210771] pci 0000:00:17.6: PCI bridge to [bus 19]
[    0.210802] pci 0000:00:17.6:   bridge window [mem 0xfba00000-0xfbafffff]
[    0.210833] pci 0000:00:17.6:   bridge window [mem 0xe6000000-0xe60fffff 64bit pref]
[    0.211084] pci 0000:00:17.7: PCI bridge to [bus 1a]
[    0.211115] pci 0000:00:17.7:   bridge window [mem 0xfb600000-0xfb6fffff]
[    0.211145] pci 0000:00:17.7:   bridge window [mem 0xe5c00000-0xe5cfffff 64bit pref]
[    0.211393] pci 0000:00:18.0: PCI bridge to [bus 1b]
[    0.211409] pci 0000:00:18.0:   bridge window [io  0x7000-0x7fff]
[    0.211426] pci 0000:00:18.0:   bridge window [mem 0xfd100000-0xfd1fffff]
[    0.211457] pci 0000:00:18.0:   bridge window [mem 0xe7700000-0xe77fffff 64bit pref]
[    0.211706] pci 0000:00:18.1: PCI bridge to [bus 1c]
[    0.211722] pci 0000:00:18.1:   bridge window [io  0xb000-0xbfff]
[    0.211738] pci 0000:00:18.1:   bridge window [mem 0xfcd00000-0xfcdfffff]
[    0.211769] pci 0000:00:18.1:   bridge window [mem 0xe7300000-0xe73fffff 64bit pref]
[    0.212021] pci 0000:00:18.2: PCI bridge to [bus 1d]
[    0.212052] pci 0000:00:18.2:   bridge window [mem 0xfc900000-0xfc9fffff]
[    0.212083] pci 0000:00:18.2:   bridge window [mem 0xe6f00000-0xe6ffffff 64bit pref]
[    0.212333] pci 0000:00:18.3: PCI bridge to [bus 1e]
[    0.212364] pci 0000:00:18.3:   bridge window [mem 0xfc500000-0xfc5fffff]
[    0.212395] pci 0000:00:18.3:   bridge window [mem 0xe6b00000-0xe6bfffff 64bit pref]
[    0.212645] pci 0000:00:18.4: PCI bridge to [bus 1f]
[    0.212681] pci 0000:00:18.4:   bridge window [mem 0xfc100000-0xfc1fffff]
[    0.212712] pci 0000:00:18.4:   bridge window [mem 0xe6700000-0xe67fffff 64bit pref]
[    0.212959] pci 0000:00:18.5: PCI bridge to [bus 20]
[    0.212990] pci 0000:00:18.5:   bridge window [mem 0xfbd00000-0xfbdfffff]
[    0.213021] pci 0000:00:18.5:   bridge window [mem 0xe6300000-0xe63fffff 64bit pref]
[    0.213269] pci 0000:00:18.6: PCI bridge to [bus 21]
[    0.213300] pci 0000:00:18.6:   bridge window [mem 0xfb900000-0xfb9fffff]
[    0.213331] pci 0000:00:18.6:   bridge window [mem 0xe5f00000-0xe5ffffff 64bit pref]
[    0.213577] pci 0000:00:18.7: PCI bridge to [bus 22]
[    0.213607] pci 0000:00:18.7:   bridge window [mem 0xfb500000-0xfb5fffff]
[    0.213638] pci 0000:00:18.7:   bridge window [mem 0xe5b00000-0xe5bfffff 64bit pref]
[    0.215538] ACPI: PCI Interrupt Link [LNKA] (IRQs 3 4 5 6 7 *9 10 11 14 15)
[    0.215591] ACPI: PCI Interrupt Link [LNKB] (IRQs 3 4 5 6 7 9 10 *11 14 15)
[    0.215641] ACPI: PCI Interrupt Link [LNKC] (IRQs 3 4 5 6 7 9 *10 11 14 15)
[    0.215691] ACPI: PCI Interrupt Link [LNKD] (IRQs 3 4 5 6 *7 9 10 11 14 15)
[    0.223149] vgaarb: device added: PCI:0000:00:0f.0,decodes=io+mem,owns=io+mem,locks=none
[    0.223153] vgaarb: loaded
[    0.223153] vgaarb: bridge control possible 0000:00:0f.0
[    0.223220] SCSI subsystem initialized
[    0.223236] ACPI: bus type USB registered
[    0.223245] usbcore: registered new interface driver usbfs
[    0.223250] usbcore: registered new interface driver hub
[    0.223281] usbcore: registered new device driver usb
[    0.223384] EDAC MC: Ver: 3.0.0
[    0.224386] PCI: Using ACPI for IRQ routing
[    0.245635] PCI: pci_cache_line_size set to 64 bytes
[    0.246362] e820: reserve RAM buffer [mem 0x0009e800-0x0009ffff]
[    0.246365] e820: reserve RAM buffer [mem 0x7fee0000-0x7fffffff]
[    0.246491] NetLabel: Initializing
[    0.246492] NetLabel:  domain hash size = 128
[    0.246493] NetLabel:  protocols = UNLABELED CIPSOv4
[    0.246500] NetLabel:  unlabeled traffic allowed by default
[    0.246609] hpet0: at MMIO 0xfed00000, IRQs 2, 8, 0, 0, 0, 0, 0, 0, 0, 0, 0, 0, 0, 0, 0, 0
[    0.246615] hpet0: 16 comparators, 64-bit 14.318180 MHz counter
[    0.248644] amd_nb: Cannot enumerate AMD northbridges
[    0.248683] Switched to clocksource hpet
[    0.252585] pnp: PnP ACPI init
[    0.252593] ACPI: bus type PNP registered
[    0.252719] system 00:00: [io  0x1000-0x103f] could not be reserved
[    0.252721] system 00:00: [io  0x1040-0x104f] has been reserved
[    0.252722] system 00:00: [io  0x0cf0-0x0cf1] has been reserved
[    0.252724] system 00:00: Plug and Play ACPI device, IDs PNP0c02 (active)
[    0.252747] pnp 00:01: Plug and Play ACPI device, IDs PNP0b00 (active)
[    0.252765] pnp 00:02: Plug and Play ACPI device, IDs PNP0303 (active)
[    0.252778] pnp 00:03: Plug and Play ACPI device, IDs VMW0003 PNP0f13 (active)
[    0.252906] system 00:04: [mem 0xfed00000-0xfed003ff] has been reserved
[    0.252917] system 00:04: Plug and Play ACPI device, IDs PNP0103 PNP0c01 (active)
[    0.253827] pnp 00:05: Plug and Play ACPI device, IDs PNP0501 (active)
[    0.254083] system 00:06: [io  0xfce0-0xfcff] has been reserved
[    0.254085] system 00:06: [mem 0xf0000000-0xf7ffffff] has been reserved
[    0.254087] system 00:06: [mem 0xfe800000-0xfe9fffff] has been reserved
[    0.254088] system 00:06: Plug and Play ACPI device, IDs PNP0c02 (active)
[    0.257324] pnp: PnP ACPI: found 7 devices
[    0.257325] ACPI: bus type PNP unregistered
[    0.262860] pci 0000:00:15.3: bridge window [io  0x1000-0x0fff] to [bus 06] add_size 1000
[    0.262912] pci 0000:00:15.4: bridge window [io  0x1000-0x0fff] to [bus 07] add_size 1000
[    0.262960] pci 0000:00:15.5: bridge window [io  0x1000-0x0fff] to [bus 08] add_size 1000
[    0.263006] pci 0000:00:15.6: bridge window [io  0x1000-0x0fff] to [bus 09] add_size 1000
[    0.263052] pci 0000:00:15.7: bridge window [io  0x1000-0x0fff] to [bus 0a] add_size 1000
[    0.263231] pci 0000:00:16.3: bridge window [io  0x1000-0x0fff] to [bus 0e] add_size 1000
[    0.263277] pci 0000:00:16.4: bridge window [io  0x1000-0x0fff] to [bus 0f] add_size 1000
[    0.263323] pci 0000:00:16.5: bridge window [io  0x1000-0x0fff] to [bus 10] add_size 1000
[    0.263369] pci 0000:00:16.6: bridge window [io  0x1000-0x0fff] to [bus 11] add_size 1000
[    0.263415] pci 0000:00:16.7: bridge window [io  0x1000-0x0fff] to [bus 12] add_size 1000
[    0.263594] pci 0000:00:17.3: bridge window [io  0x1000-0x0fff] to [bus 16] add_size 1000
[    0.263639] pci 0000:00:17.4: bridge window [io  0x1000-0x0fff] to [bus 17] add_size 1000
[    0.263691] pci 0000:00:17.5: bridge window [io  0x1000-0x0fff] to [bus 18] add_size 1000
[    0.263737] pci 0000:00:17.6: bridge window [io  0x1000-0x0fff] to [bus 19] add_size 1000
[    0.263783] pci 0000:00:17.7: bridge window [io  0x1000-0x0fff] to [bus 1a] add_size 1000
[    0.263939] pci 0000:00:18.2: bridge window [io  0x1000-0x0fff] to [bus 1d] add_size 1000
[    0.263986] pci 0000:00:18.3: bridge window [io  0x1000-0x0fff] to [bus 1e] add_size 1000
[    0.264032] pci 0000:00:18.4: bridge window [io  0x1000-0x0fff] to [bus 1f] add_size 1000
[    0.264077] pci 0000:00:18.5: bridge window [io  0x1000-0x0fff] to [bus 20] add_size 1000
[    0.264123] pci 0000:00:18.6: bridge window [io  0x1000-0x0fff] to [bus 21] add_size 1000
[    0.264169] pci 0000:00:18.7: bridge window [io  0x1000-0x0fff] to [bus 22] add_size 1000
[    0.264178] pci 0000:00:15.3: res[13]=[io  0x1000-0x0fff] res_to_dev_res add_size 1000 min_align 1000
[    0.264179] pci 0000:00:15.3: res[13]=[io  0x1000-0x1fff] res_to_dev_res add_size 1000 min_align 1000
[    0.264180] pci 0000:00:15.4: res[13]=[io  0x1000-0x0fff] res_to_dev_res add_size 1000 min_align 1000
[    0.264182] pci 0000:00:15.4: res[13]=[io  0x1000-0x1fff] res_to_dev_res add_size 1000 min_align 1000
[    0.264183] pci 0000:00:15.5: res[13]=[io  0x1000-0x0fff] res_to_dev_res add_size 1000 min_align 1000
[    0.264184] pci 0000:00:15.5: res[13]=[io  0x1000-0x1fff] res_to_dev_res add_size 1000 min_align 1000
[    0.264185] pci 0000:00:15.6: res[13]=[io  0x1000-0x0fff] res_to_dev_res add_size 1000 min_align 1000
[    0.264186] pci 0000:00:15.6: res[13]=[io  0x1000-0x1fff] res_to_dev_res add_size 1000 min_align 1000
[    0.264187] pci 0000:00:15.7: res[13]=[io  0x1000-0x0fff] res_to_dev_res add_size 1000 min_align 1000
[    0.264188] pci 0000:00:15.7: res[13]=[io  0x1000-0x1fff] res_to_dev_res add_size 1000 min_align 1000
[    0.264189] pci 0000:00:16.3: res[13]=[io  0x1000-0x0fff] res_to_dev_res add_size 1000 min_align 1000
[    0.264190] pci 0000:00:16.3: res[13]=[io  0x1000-0x1fff] res_to_dev_res add_size 1000 min_align 1000
[    0.264192] pci 0000:00:16.4: res[13]=[io  0x1000-0x0fff] res_to_dev_res add_size 1000 min_align 1000
[    0.264193] pci 0000:00:16.4: res[13]=[io  0x1000-0x1fff] res_to_dev_res add_size 1000 min_align 1000
[    0.264194] pci 0000:00:16.5: res[13]=[io  0x1000-0x0fff] res_to_dev_res add_size 1000 min_align 1000
[    0.264195] pci 0000:00:16.5: res[13]=[io  0x1000-0x1fff] res_to_dev_res add_size 1000 min_align 1000
[    0.264196] pci 0000:00:16.6: res[13]=[io  0x1000-0x0fff] res_to_dev_res add_size 1000 min_align 1000
[    0.264197] pci 0000:00:16.6: res[13]=[io  0x1000-0x1fff] res_to_dev_res add_size 1000 min_align 1000
[    0.264198] pci 0000:00:16.7: res[13]=[io  0x1000-0x0fff] res_to_dev_res add_size 1000 min_align 1000
[    0.264199] pci 0000:00:16.7: res[13]=[io  0x1000-0x1fff] res_to_dev_res add_size 1000 min_align 1000
[    0.264201] pci 0000:00:17.3: res[13]=[io  0x1000-0x0fff] res_to_dev_res add_size 1000 min_align 1000
[    0.264202] pci 0000:00:17.3: res[13]=[io  0x1000-0x1fff] res_to_dev_res add_size 1000 min_align 1000
[    0.264203] pci 0000:00:17.4: res[13]=[io  0x1000-0x0fff] res_to_dev_res add_size 1000 min_align 1000
[    0.264204] pci 0000:00:17.4: res[13]=[io  0x1000-0x1fff] res_to_dev_res add_size 1000 min_align 1000
[    0.264205] pci 0000:00:17.5: res[13]=[io  0x1000-0x0fff] res_to_dev_res add_size 1000 min_align 1000
[    0.264206] pci 0000:00:17.5: res[13]=[io  0x1000-0x1fff] res_to_dev_res add_size 1000 min_align 1000
[    0.264207] pci 0000:00:17.6: res[13]=[io  0x1000-0x0fff] res_to_dev_res add_size 1000 min_align 1000
[    0.264208] pci 0000:00:17.6: res[13]=[io  0x1000-0x1fff] res_to_dev_res add_size 1000 min_align 1000
[    0.264209] pci 0000:00:17.7: res[13]=[io  0x1000-0x0fff] res_to_dev_res add_size 1000 min_align 1000
[    0.264210] pci 0000:00:17.7: res[13]=[io  0x1000-0x1fff] res_to_dev_res add_size 1000 min_align 1000
[    0.264212] pci 0000:00:18.2: res[13]=[io  0x1000-0x0fff] res_to_dev_res add_size 1000 min_align 1000
[    0.264213] pci 0000:00:18.2: res[13]=[io  0x1000-0x1fff] res_to_dev_res add_size 1000 min_align 1000
[    0.264214] pci 0000:00:18.3: res[13]=[io  0x1000-0x0fff] res_to_dev_res add_size 1000 min_align 1000
[    0.264215] pci 0000:00:18.3: res[13]=[io  0x1000-0x1fff] res_to_dev_res add_size 1000 min_align 1000
[    0.264216] pci 0000:00:18.4: res[13]=[io  0x1000-0x0fff] res_to_dev_res add_size 1000 min_align 1000
[    0.264217] pci 0000:00:18.4: res[13]=[io  0x1000-0x1fff] res_to_dev_res add_size 1000 min_align 1000
[    0.264218] pci 0000:00:18.5: res[13]=[io  0x1000-0x0fff] res_to_dev_res add_size 1000 min_align 1000
[    0.264219] pci 0000:00:18.5: res[13]=[io  0x1000-0x1fff] res_to_dev_res add_size 1000 min_align 1000
[    0.264220] pci 0000:00:18.6: res[13]=[io  0x1000-0x0fff] res_to_dev_res add_size 1000 min_align 1000
[    0.264222] pci 0000:00:18.6: res[13]=[io  0x1000-0x1fff] res_to_dev_res add_size 1000 min_align 1000
[    0.264223] pci 0000:00:18.7: res[13]=[io  0x1000-0x0fff] res_to_dev_res add_size 1000 min_align 1000
[    0.264224] pci 0000:00:18.7: res[13]=[io  0x1000-0x1fff] res_to_dev_res add_size 1000 min_align 1000
[    0.264227] pci 0000:00:0f.0: BAR 6: assigned [mem 0xc0000000-0xc0007fff pref]
[    0.264229] pci 0000:00:10.0: BAR 6: assigned [mem 0xc0008000-0xc000bfff pref]
[    0.264231] pci 0000:00:15.3: BAR 13: no space for [io  size 0x1000]
[    0.264233] pci 0000:00:15.3: BAR 13: failed to assign [io  size 0x1000]
[    0.264234] pci 0000:00:15.4: BAR 13: no space for [io  size 0x1000]
[    0.264235] pci 0000:00:15.4: BAR 13: failed to assign [io  size 0x1000]
[    0.264237] pci 0000:00:15.5: BAR 13: no space for [io  size 0x1000]
[    0.264238] pci 0000:00:15.5: BAR 13: failed to assign [io  size 0x1000]
[    0.264239] pci 0000:00:15.6: BAR 13: no space for [io  size 0x1000]
[    0.264240] pci 0000:00:15.6: BAR 13: failed to assign [io  size 0x1000]
[    0.264241] pci 0000:00:15.7: BAR 13: no space for [io  size 0x1000]
[    0.264242] pci 0000:00:15.7: BAR 13: failed to assign [io  size 0x1000]
[    0.264244] pci 0000:00:16.3: BAR 13: no space for [io  size 0x1000]
[    0.264245] pci 0000:00:16.3: BAR 13: failed to assign [io  size 0x1000]
[    0.264246] pci 0000:00:16.4: BAR 13: no space for [io  size 0x1000]
[    0.264247] pci 0000:00:16.4: BAR 13: failed to assign [io  size 0x1000]
[    0.264249] pci 0000:00:16.5: BAR 13: no space for [io  size 0x1000]
[    0.264250] pci 0000:00:16.5: BAR 13: failed to assign [io  size 0x1000]
[    0.264251] pci 0000:00:16.6: BAR 13: no space for [io  size 0x1000]
[    0.264252] pci 0000:00:16.6: BAR 13: failed to assign [io  size 0x1000]
[    0.264253] pci 0000:00:16.7: BAR 13: no space for [io  size 0x1000]
[    0.264254] pci 0000:00:16.7: BAR 13: failed to assign [io  size 0x1000]
[    0.264256] pci 0000:00:17.3: BAR 13: no space for [io  size 0x1000]
[    0.264257] pci 0000:00:17.3: BAR 13: failed to assign [io  size 0x1000]
[    0.264258] pci 0000:00:17.4: BAR 13: no space for [io  size 0x1000]
[    0.264259] pci 0000:00:17.4: BAR 13: failed to assign [io  size 0x1000]
[    0.264261] pci 0000:00:17.5: BAR 13: no space for [io  size 0x1000]
[    0.264262] pci 0000:00:17.5: BAR 13: failed to assign [io  size 0x1000]
[    0.264263] pci 0000:00:17.6: BAR 13: no space for [io  size 0x1000]
[    0.264264] pci 0000:00:17.6: BAR 13: failed to assign [io  size 0x1000]
[    0.264265] pci 0000:00:17.7: BAR 13: no space for [io  size 0x1000]
[    0.264266] pci 0000:00:17.7: BAR 13: failed to assign [io  size 0x1000]
[    0.264268] pci 0000:00:18.2: BAR 13: no space for [io  size 0x1000]
[    0.264269] pci 0000:00:18.2: BAR 13: failed to assign [io  size 0x1000]
[    0.264270] pci 0000:00:18.3: BAR 13: no space for [io  size 0x1000]
[    0.264271] pci 0000:00:18.3: BAR 13: failed to assign [io  size 0x1000]
[    0.264272] pci 0000:00:18.4: BAR 13: no space for [io  size 0x1000]
[    0.264273] pci 0000:00:18.4: BAR 13: failed to assign [io  size 0x1000]
[    0.264275] pci 0000:00:18.5: BAR 13: no space for [io  size 0x1000]
[    0.264276] pci 0000:00:18.5: BAR 13: failed to assign [io  size 0x1000]
[    0.264277] pci 0000:00:18.6: BAR 13: no space for [io  size 0x1000]
[    0.264278] pci 0000:00:18.6: BAR 13: failed to assign [io  size 0x1000]
[    0.264280] pci 0000:00:18.7: BAR 13: no space for [io  size 0x1000]
[    0.264281] pci 0000:00:18.7: BAR 13: failed to assign [io  size 0x1000]
[    0.264283] pci 0000:00:18.7: BAR 13: no space for [io  size 0x1000]
[    0.264284] pci 0000:00:18.7: BAR 13: failed to assign [io  size 0x1000]
[    0.264286] pci 0000:00:18.6: BAR 13: no space for [io  size 0x1000]
[    0.264287] pci 0000:00:18.6: BAR 13: failed to assign [io  size 0x1000]
[    0.264288] pci 0000:00:18.5: BAR 13: no space for [io  size 0x1000]
[    0.264289] pci 0000:00:18.5: BAR 13: failed to assign [io  size 0x1000]
[    0.264291] pci 0000:00:18.4: BAR 13: no space for [io  size 0x1000]
[    0.264292] pci 0000:00:18.4: BAR 13: failed to assign [io  size 0x1000]
[    0.264293] pci 0000:00:18.3: BAR 13: no space for [io  size 0x1000]
[    0.264294] pci 0000:00:18.3: BAR 13: failed to assign [io  size 0x1000]
[    0.264295] pci 0000:00:18.2: BAR 13: no space for [io  size 0x1000]
[    0.264296] pci 0000:00:18.2: BAR 13: failed to assign [io  size 0x1000]
[    0.264298] pci 0000:00:17.7: BAR 13: no space for [io  size 0x1000]
[    0.264299] pci 0000:00:17.7: BAR 13: failed to assign [io  size 0x1000]
[    0.264300] pci 0000:00:17.6: BAR 13: no space for [io  size 0x1000]
[    0.264301] pci 0000:00:17.6: BAR 13: failed to assign [io  size 0x1000]
[    0.264303] pci 0000:00:17.5: BAR 13: no space for [io  size 0x1000]
[    0.264304] pci 0000:00:17.5: BAR 13: failed to assign [io  size 0x1000]
[    0.264305] pci 0000:00:17.4: BAR 13: no space for [io  size 0x1000]
[    0.264306] pci 0000:00:17.4: BAR 13: failed to assign [io  size 0x1000]
[    0.264308] pci 0000:00:17.3: BAR 13: no space for [io  size 0x1000]
[    0.264309] pci 0000:00:17.3: BAR 13: failed to assign [io  size 0x1000]
[    0.264310] pci 0000:00:16.7: BAR 13: no space for [io  size 0x1000]
[    0.264311] pci 0000:00:16.7: BAR 13: failed to assign [io  size 0x1000]
[    0.264312] pci 0000:00:16.6: BAR 13: no space for [io  size 0x1000]
[    0.264313] pci 0000:00:16.6: BAR 13: failed to assign [io  size 0x1000]
[    0.264315] pci 0000:00:16.5: BAR 13: no space for [io  size 0x1000]
[    0.264316] pci 0000:00:16.5: BAR 13: failed to assign [io  size 0x1000]
[    0.264317] pci 0000:00:16.4: BAR 13: no space for [io  size 0x1000]
[    0.264318] pci 0000:00:16.4: BAR 13: failed to assign [io  size 0x1000]
[    0.264320] pci 0000:00:16.3: BAR 13: no space for [io  size 0x1000]
[    0.264321] pci 0000:00:16.3: BAR 13: failed to assign [io  size 0x1000]
[    0.264322] pci 0000:00:15.7: BAR 13: no space for [io  size 0x1000]
[    0.264323] pci 0000:00:15.7: BAR 13: failed to assign [io  size 0x1000]
[    0.264324] pci 0000:00:15.6: BAR 13: no space for [io  size 0x1000]
[    0.264325] pci 0000:00:15.6: BAR 13: failed to assign [io  size 0x1000]
[    0.264327] pci 0000:00:15.5: BAR 13: no space for [io  size 0x1000]
[    0.264328] pci 0000:00:15.5: BAR 13: failed to assign [io  size 0x1000]
[    0.264329] pci 0000:00:15.4: BAR 13: no space for [io  size 0x1000]
[    0.264330] pci 0000:00:15.4: BAR 13: failed to assign [io  size 0x1000]
[    0.264332] pci 0000:00:15.3: BAR 13: no space for [io  size 0x1000]
[    0.264332] pci 0000:00:15.3: BAR 13: failed to assign [io  size 0x1000]
[    0.264334] pci 0000:00:01.0: PCI bridge to [bus 01]
[    0.264406] pci 0000:02:01.0: BAR 6: assigned [mem 0xfd500000-0xfd50ffff pref]
[    0.264408] pci 0000:02:05.0: BAR 6: assigned [mem 0xfd510000-0xfd51ffff pref]
[    0.264409] pci 0000:00:11.0: PCI bridge to [bus 02]
[    0.264419] pci 0000:00:11.0:   bridge window [io  0x2000-0x3fff]
[    0.264443] pci 0000:00:11.0:   bridge window [mem 0xfd500000-0xfdffffff]
[    0.264459] pci 0000:00:11.0:   bridge window [mem 0xe7b00000-0xe7ffffff 64bit pref]
[    0.264490] pci 0000:00:15.0: PCI bridge to [bus 03]
[    0.264499] pci 0000:00:15.0:   bridge window [io  0x4000-0x4fff]
[    0.264523] pci 0000:00:15.0:   bridge window [mem 0xfd400000-0xfd4fffff]
[    0.264539] pci 0000:00:15.0:   bridge window [mem 0xe7a00000-0xe7afffff 64bit pref]
[    0.264598] pci 0000:00:15.1: PCI bridge to [bus 04]
[    0.264608] pci 0000:00:15.1:   bridge window [io  0x8000-0x8fff]
[    0.264631] pci 0000:00:15.1:   bridge window [mem 0xfd000000-0xfd0fffff]
[    0.264647] pci 0000:00:15.1:   bridge window [mem 0xe7600000-0xe76fffff 64bit pref]
[    0.264696] pci 0000:00:15.2: PCI bridge to [bus 05]
[    0.264705] pci 0000:00:15.2:   bridge window [io  0xc000-0xcfff]
[    0.264729] pci 0000:00:15.2:   bridge window [mem 0xfcc00000-0xfccfffff]
[    0.264745] pci 0000:00:15.2:   bridge window [mem 0xe7200000-0xe72fffff 64bit pref]
[    0.264785] pci 0000:00:15.3: PCI bridge to [bus 06]
[    0.264809] pci 0000:00:15.3:   bridge window [mem 0xfc800000-0xfc8fffff]
[    0.264825] pci 0000:00:15.3:   bridge window [mem 0xe6e00000-0xe6efffff 64bit pref]
[    0.264864] pci 0000:00:15.4: PCI bridge to [bus 07]
[    0.264894] pci 0000:00:15.4:   bridge window [mem 0xfc400000-0xfc4fffff]
[    0.264911] pci 0000:00:15.4:   bridge window [mem 0xe6a00000-0xe6afffff 64bit pref]
[    0.264950] pci 0000:00:15.5: PCI bridge to [bus 08]
[    0.264981] pci 0000:00:15.5:   bridge window [mem 0xfc000000-0xfc0fffff]
[    0.264997] pci 0000:00:15.5:   bridge window [mem 0xe6600000-0xe66fffff 64bit pref]
[    0.265036] pci 0000:00:15.6: PCI bridge to [bus 09]
[    0.265061] pci 0000:00:15.6:   bridge window [mem 0xfbc00000-0xfbcfffff]
[    0.265077] pci 0000:00:15.6:   bridge window [mem 0xe6200000-0xe62fffff 64bit pref]
[    0.265116] pci 0000:00:15.7: PCI bridge to [bus 0a]
[    0.265140] pci 0000:00:15.7:   bridge window [mem 0xfb800000-0xfb8fffff]
[    0.265156] pci 0000:00:15.7:   bridge window [mem 0xe5e00000-0xe5efffff 64bit pref]
[    0.265195] pci 0000:00:16.0: PCI bridge to [bus 0b]
[    0.265205] pci 0000:00:16.0:   bridge window [io  0x5000-0x5fff]
[    0.265228] pci 0000:00:16.0:   bridge window [mem 0xfd300000-0xfd3fffff]
[    0.265245] pci 0000:00:16.0:   bridge window [mem 0xe7900000-0xe79fffff 64bit pref]
[    0.265284] pci 0000:00:16.1: PCI bridge to [bus 0c]
[    0.265293] pci 0000:00:16.1:   bridge window [io  0x9000-0x9fff]
[    0.265317] pci 0000:00:16.1:   bridge window [mem 0xfcf00000-0xfcffffff]
[    0.265333] pci 0000:00:16.1:   bridge window [mem 0xe7500000-0xe75fffff 64bit pref]
[    0.265372] pci 0000:00:16.2: PCI bridge to [bus 0d]
[    0.265381] pci 0000:00:16.2:   bridge window [io  0xd000-0xdfff]
[    0.265405] pci 0000:00:16.2:   bridge window [mem 0xfcb00000-0xfcbfffff]
[    0.265421] pci 0000:00:16.2:   bridge window [mem 0xe7100000-0xe71fffff 64bit pref]
[    0.265460] pci 0000:00:16.3: PCI bridge to [bus 0e]
[    0.265484] pci 0000:00:16.3:   bridge window [mem 0xfc700000-0xfc7fffff]
[    0.265500] pci 0000:00:16.3:   bridge window [mem 0xe6d00000-0xe6dfffff 64bit pref]
[    0.265539] pci 0000:00:16.4: PCI bridge to [bus 0f]
[    0.265563] pci 0000:00:16.4:   bridge window [mem 0xfc300000-0xfc3fffff]
[    0.265580] pci 0000:00:16.4:   bridge window [mem 0xe6900000-0xe69fffff 64bit pref]
[    0.265625] pci 0000:00:16.5: PCI bridge to [bus 10]
[    0.265649] pci 0000:00:16.5:   bridge window [mem 0xfbf00000-0xfbffffff]
[    0.265672] pci 0000:00:16.5:   bridge window [mem 0xe6500000-0xe65fffff 64bit pref]
[    0.265712] pci 0000:00:16.6: PCI bridge to [bus 11]
[    0.265737] pci 0000:00:16.6:   bridge window [mem 0xfbb00000-0xfbbfffff]
[    0.265753] pci 0000:00:16.6:   bridge window [mem 0xe6100000-0xe61fffff 64bit pref]
[    0.265792] pci 0000:00:16.7: PCI bridge to [bus 12]
[    0.265817] pci 0000:00:16.7:   bridge window [mem 0xfb700000-0xfb7fffff]
[    0.265833] pci 0000:00:16.7:   bridge window [mem 0xe5d00000-0xe5dfffff 64bit pref]
[    0.265872] pci 0000:00:17.0: PCI bridge to [bus 13]
[    0.265887] pci 0000:00:17.0:   bridge window [io  0x6000-0x6fff]
[    0.265911] pci 0000:00:17.0:   bridge window [mem 0xfd200000-0xfd2fffff]
[    0.265927] pci 0000:00:17.0:   bridge window [mem 0xe7800000-0xe78fffff 64bit pref]
[    0.265966] pci 0000:00:17.1: PCI bridge to [bus 14]
[    0.265976] pci 0000:00:17.1:   bridge window [io  0xa000-0xafff]
[    0.265999] pci 0000:00:17.1:   bridge window [mem 0xfce00000-0xfcefffff]
[    0.266015] pci 0000:00:17.1:   bridge window [mem 0xe7400000-0xe74fffff 64bit pref]
[    0.266054] pci 0000:00:17.2: PCI bridge to [bus 15]
[    0.266064] pci 0000:00:17.2:   bridge window [io  0xe000-0xefff]
[    0.266087] pci 0000:00:17.2:   bridge window [mem 0xfca00000-0xfcafffff]
[    0.266104] pci 0000:00:17.2:   bridge window [mem 0xe7000000-0xe70fffff 64bit pref]
[    0.266142] pci 0000:00:17.3: PCI bridge to [bus 16]
[    0.266166] pci 0000:00:17.3:   bridge window [mem 0xfc600000-0xfc6fffff]
[    0.266183] pci 0000:00:17.3:   bridge window [mem 0xe6c00000-0xe6cfffff 64bit pref]
[    0.266222] pci 0000:00:17.4: PCI bridge to [bus 17]
[    0.266246] pci 0000:00:17.4:   bridge window [mem 0xfc200000-0xfc2fffff]
[    0.266262] pci 0000:00:17.4:   bridge window [mem 0xe6800000-0xe68fffff 64bit pref]
[    0.266301] pci 0000:00:17.5: PCI bridge to [bus 18]
[    0.266325] pci 0000:00:17.5:   bridge window [mem 0xfbe00000-0xfbefffff]
[    0.266341] pci 0000:00:17.5:   bridge window [mem 0xe6400000-0xe64fffff 64bit pref]
[    0.266380] pci 0000:00:17.6: PCI bridge to [bus 19]
[    0.266405] pci 0000:00:17.6:   bridge window [mem 0xfba00000-0xfbafffff]
[    0.266421] pci 0000:00:17.6:   bridge window [mem 0xe6000000-0xe60fffff 64bit pref]
[    0.266460] pci 0000:00:17.7: PCI bridge to [bus 1a]
[    0.266484] pci 0000:00:17.7:   bridge window [mem 0xfb600000-0xfb6fffff]
[    0.266500] pci 0000:00:17.7:   bridge window [mem 0xe5c00000-0xe5cfffff 64bit pref]
[    0.266539] pci 0000:00:18.0: PCI bridge to [bus 1b]
[    0.266548] pci 0000:00:18.0:   bridge window [io  0x7000-0x7fff]
[    0.266572] pci 0000:00:18.0:   bridge window [mem 0xfd100000-0xfd1fffff]
[    0.266588] pci 0000:00:18.0:   bridge window [mem 0xe7700000-0xe77fffff 64bit pref]
[    0.266627] pci 0000:00:18.1: PCI bridge to [bus 1c]
[    0.266636] pci 0000:00:18.1:   bridge window [io  0xb000-0xbfff]
[    0.266660] pci 0000:00:18.1:   bridge window [mem 0xfcd00000-0xfcdfffff]
[    0.266683] pci 0000:00:18.1:   bridge window [mem 0xe7300000-0xe73fffff 64bit pref]
[    0.266723] pci 0000:00:18.2: PCI bridge to [bus 1d]
[    0.266747] pci 0000:00:18.2:   bridge window [mem 0xfc900000-0xfc9fffff]
[    0.266763] pci 0000:00:18.2:   bridge window [mem 0xe6f00000-0xe6ffffff 64bit pref]
[    0.266802] pci 0000:00:18.3: PCI bridge to [bus 1e]
[    0.266826] pci 0000:00:18.3:   bridge window [mem 0xfc500000-0xfc5fffff]
[    0.266842] pci 0000:00:18.3:   bridge window [mem 0xe6b00000-0xe6bfffff 64bit pref]
[    0.266881] pci 0000:00:18.4: PCI bridge to [bus 1f]
[    0.266911] pci 0000:00:18.4:   bridge window [mem 0xfc100000-0xfc1fffff]
[    0.266927] pci 0000:00:18.4:   bridge window [mem 0xe6700000-0xe67fffff 64bit pref]
[    0.266966] pci 0000:00:18.5: PCI bridge to [bus 20]
[    0.266990] pci 0000:00:18.5:   bridge window [mem 0xfbd00000-0xfbdfffff]
[    0.267007] pci 0000:00:18.5:   bridge window [mem 0xe6300000-0xe63fffff 64bit pref]
[    0.267045] pci 0000:00:18.6: PCI bridge to [bus 21]
[    0.267070] pci 0000:00:18.6:   bridge window [mem 0xfb900000-0xfb9fffff]
[    0.267086] pci 0000:00:18.6:   bridge window [mem 0xe5f00000-0xe5ffffff 64bit pref]
[    0.267125] pci 0000:00:18.7: PCI bridge to [bus 22]
[    0.267149] pci 0000:00:18.7:   bridge window [mem 0xfb500000-0xfb5fffff]
[    0.267165] pci 0000:00:18.7:   bridge window [mem 0xe5b00000-0xe5bfffff 64bit pref]
[    0.267205] pci_bus 0000:00: resource 4 [mem 0x000a0000-0x000bffff window]
[    0.267206] pci_bus 0000:00: resource 5 [mem 0x000d0000-0x000d3fff window]
[    0.267207] pci_bus 0000:00: resource 6 [mem 0x000d4000-0x000d7fff window]
[    0.267208] pci_bus 0000:00: resource 7 [mem 0x000d8000-0x000dbfff window]
[    0.267209] pci_bus 0000:00: resource 8 [mem 0xc0000000-0xfebfffff window]
[    0.267210] pci_bus 0000:00: resource 9 [io  0x0000-0x0cf7 window]
[    0.267211] pci_bus 0000:00: resource 10 [io  0x0d00-0xfeff window]
[    0.267212] pci_bus 0000:02: resource 0 [io  0x2000-0x3fff]
[    0.267213] pci_bus 0000:02: resource 1 [mem 0xfd500000-0xfdffffff]
[    0.267214] pci_bus 0000:02: resource 2 [mem 0xe7b00000-0xe7ffffff 64bit pref]
[    0.267215] pci_bus 0000:02: resource 4 [mem 0x000a0000-0x000bffff window]
[    0.267216] pci_bus 0000:02: resource 5 [mem 0x000d0000-0x000d3fff window]
[    0.267217] pci_bus 0000:02: resource 6 [mem 0x000d4000-0x000d7fff window]
[    0.267218] pci_bus 0000:02: resource 7 [mem 0x000d8000-0x000dbfff window]
[    0.267219] pci_bus 0000:02: resource 8 [mem 0xc0000000-0xfebfffff window]
[    0.267220] pci_bus 0000:02: resource 9 [io  0x0000-0x0cf7 window]
[    0.267221] pci_bus 0000:02: resource 10 [io  0x0d00-0xfeff window]
[    0.267222] pci_bus 0000:03: resource 0 [io  0x4000-0x4fff]
[    0.267223] pci_bus 0000:03: resource 1 [mem 0xfd400000-0xfd4fffff]
[    0.267224] pci_bus 0000:03: resource 2 [mem 0xe7a00000-0xe7afffff 64bit pref]
[    0.267225] pci_bus 0000:04: resource 0 [io  0x8000-0x8fff]
[    0.267226] pci_bus 0000:04: resource 1 [mem 0xfd000000-0xfd0fffff]
[    0.267227] pci_bus 0000:04: resource 2 [mem 0xe7600000-0xe76fffff 64bit pref]
[    0.267228] pci_bus 0000:05: resource 0 [io  0xc000-0xcfff]
[    0.267229] pci_bus 0000:05: resource 1 [mem 0xfcc00000-0xfccfffff]
[    0.267230] pci_bus 0000:05: resource 2 [mem 0xe7200000-0xe72fffff 64bit pref]
[    0.267231] pci_bus 0000:06: resource 1 [mem 0xfc800000-0xfc8fffff]
[    0.267232] pci_bus 0000:06: resource 2 [mem 0xe6e00000-0xe6efffff 64bit pref]
[    0.267233] pci_bus 0000:07: resource 1 [mem 0xfc400000-0xfc4fffff]
[    0.267234] pci_bus 0000:07: resource 2 [mem 0xe6a00000-0xe6afffff 64bit pref]
[    0.267235] pci_bus 0000:08: resource 1 [mem 0xfc000000-0xfc0fffff]
[    0.267236] pci_bus 0000:08: resource 2 [mem 0xe6600000-0xe66fffff 64bit pref]
[    0.267237] pci_bus 0000:09: resource 1 [mem 0xfbc00000-0xfbcfffff]
[    0.267238] pci_bus 0000:09: resource 2 [mem 0xe6200000-0xe62fffff 64bit pref]
[    0.267239] pci_bus 0000:0a: resource 1 [mem 0xfb800000-0xfb8fffff]
[    0.267240] pci_bus 0000:0a: resource 2 [mem 0xe5e00000-0xe5efffff 64bit pref]
[    0.267241] pci_bus 0000:0b: resource 0 [io  0x5000-0x5fff]
[    0.267242] pci_bus 0000:0b: resource 1 [mem 0xfd300000-0xfd3fffff]
[    0.267243] pci_bus 0000:0b: resource 2 [mem 0xe7900000-0xe79fffff 64bit pref]
[    0.267244] pci_bus 0000:0c: resource 0 [io  0x9000-0x9fff]
[    0.267245] pci_bus 0000:0c: resource 1 [mem 0xfcf00000-0xfcffffff]
[    0.267246] pci_bus 0000:0c: resource 2 [mem 0xe7500000-0xe75fffff 64bit pref]
[    0.267247] pci_bus 0000:0d: resource 0 [io  0xd000-0xdfff]
[    0.267248] pci_bus 0000:0d: resource 1 [mem 0xfcb00000-0xfcbfffff]
[    0.267249] pci_bus 0000:0d: resource 2 [mem 0xe7100000-0xe71fffff 64bit pref]
[    0.267250] pci_bus 0000:0e: resource 1 [mem 0xfc700000-0xfc7fffff]
[    0.267251] pci_bus 0000:0e: resource 2 [mem 0xe6d00000-0xe6dfffff 64bit pref]
[    0.267252] pci_bus 0000:0f: resource 1 [mem 0xfc300000-0xfc3fffff]
[    0.267253] pci_bus 0000:0f: resource 2 [mem 0xe6900000-0xe69fffff 64bit pref]
[    0.267254] pci_bus 0000:10: resource 1 [mem 0xfbf00000-0xfbffffff]
[    0.267255] pci_bus 0000:10: resource 2 [mem 0xe6500000-0xe65fffff 64bit pref]
[    0.267256] pci_bus 0000:11: resource 1 [mem 0xfbb00000-0xfbbfffff]
[    0.267257] pci_bus 0000:11: resource 2 [mem 0xe6100000-0xe61fffff 64bit pref]
[    0.267258] pci_bus 0000:12: resource 1 [mem 0xfb700000-0xfb7fffff]
[    0.267259] pci_bus 0000:12: resource 2 [mem 0xe5d00000-0xe5dfffff 64bit pref]
[    0.267260] pci_bus 0000:13: resource 0 [io  0x6000-0x6fff]
[    0.267261] pci_bus 0000:13: resource 1 [mem 0xfd200000-0xfd2fffff]
[    0.267262] pci_bus 0000:13: resource 2 [mem 0xe7800000-0xe78fffff 64bit pref]
[    0.267263] pci_bus 0000:14: resource 0 [io  0xa000-0xafff]
[    0.267264] pci_bus 0000:14: resource 1 [mem 0xfce00000-0xfcefffff]
[    0.267265] pci_bus 0000:14: resource 2 [mem 0xe7400000-0xe74fffff 64bit pref]
[    0.267266] pci_bus 0000:15: resource 0 [io  0xe000-0xefff]
[    0.267267] pci_bus 0000:15: resource 1 [mem 0xfca00000-0xfcafffff]
[    0.267268] pci_bus 0000:15: resource 2 [mem 0xe7000000-0xe70fffff 64bit pref]
[    0.267269] pci_bus 0000:16: resource 1 [mem 0xfc600000-0xfc6fffff]
[    0.267270] pci_bus 0000:16: resource 2 [mem 0xe6c00000-0xe6cfffff 64bit pref]
[    0.267271] pci_bus 0000:17: resource 1 [mem 0xfc200000-0xfc2fffff]
[    0.267272] pci_bus 0000:17: resource 2 [mem 0xe6800000-0xe68fffff 64bit pref]
[    0.267273] pci_bus 0000:18: resource 1 [mem 0xfbe00000-0xfbefffff]
[    0.267274] pci_bus 0000:18: resource 2 [mem 0xe6400000-0xe64fffff 64bit pref]
[    0.267275] pci_bus 0000:19: resource 1 [mem 0xfba00000-0xfbafffff]
[    0.267276] pci_bus 0000:19: resource 2 [mem 0xe6000000-0xe60fffff 64bit pref]
[    0.267277] pci_bus 0000:1a: resource 1 [mem 0xfb600000-0xfb6fffff]
[    0.267278] pci_bus 0000:1a: resource 2 [mem 0xe5c00000-0xe5cfffff 64bit pref]
[    0.267279] pci_bus 0000:1b: resource 0 [io  0x7000-0x7fff]
[    0.267280] pci_bus 0000:1b: resource 1 [mem 0xfd100000-0xfd1fffff]
[    0.267281] pci_bus 0000:1b: resource 2 [mem 0xe7700000-0xe77fffff 64bit pref]
[    0.267282] pci_bus 0000:1c: resource 0 [io  0xb000-0xbfff]
[    0.267283] pci_bus 0000:1c: resource 1 [mem 0xfcd00000-0xfcdfffff]
[    0.267284] pci_bus 0000:1c: resource 2 [mem 0xe7300000-0xe73fffff 64bit pref]
[    0.267285] pci_bus 0000:1d: resource 1 [mem 0xfc900000-0xfc9fffff]
[    0.267286] pci_bus 0000:1d: resource 2 [mem 0xe6f00000-0xe6ffffff 64bit pref]
[    0.267287] pci_bus 0000:1e: resource 1 [mem 0xfc500000-0xfc5fffff]
[    0.267288] pci_bus 0000:1e: resource 2 [mem 0xe6b00000-0xe6bfffff 64bit pref]
[    0.267289] pci_bus 0000:1f: resource 1 [mem 0xfc100000-0xfc1fffff]
[    0.267289] pci_bus 0000:1f: resource 2 [mem 0xe6700000-0xe67fffff 64bit pref]
[    0.267290] pci_bus 0000:20: resource 1 [mem 0xfbd00000-0xfbdfffff]
[    0.267291] pci_bus 0000:20: resource 2 [mem 0xe6300000-0xe63fffff 64bit pref]
[    0.267292] pci_bus 0000:21: resource 1 [mem 0xfb900000-0xfb9fffff]
[    0.267293] pci_bus 0000:21: resource 2 [mem 0xe5f00000-0xe5ffffff 64bit pref]
[    0.267294] pci_bus 0000:22: resource 1 [mem 0xfb500000-0xfb5fffff]
[    0.267295] pci_bus 0000:22: resource 2 [mem 0xe5b00000-0xe5bfffff 64bit pref]
[    0.267330] NET: Registered protocol family 2
[    0.267635] TCP established hash table entries: 16384 (order: 5, 131072 bytes)
[    0.267670] TCP bind hash table entries: 16384 (order: 6, 262144 bytes)
[    0.267718] TCP: Hash tables configured (established 16384 bind 16384)
[    0.267746] TCP: reno registered
[    0.267751] UDP hash table entries: 1024 (order: 3, 32768 bytes)
[    0.267759] UDP-Lite hash table entries: 1024 (order: 3, 32768 bytes)
[    0.267899] NET: Registered protocol family 1
[    0.267922] pci 0000:00:00.0: Limiting direct PCI/PCI transfers
[    0.267984] pci 0000:00:0f.0: Boot video device
[    0.268713] PCI: CLS mismatch (32 != 64), using 64 bytes
[    0.269074] Unpacking initramfs...
[    0.502721] Freeing initrd memory: 28564k freed
[    0.505111] RAPL PMU: API unit is 2^-32 Joules, 5 fixed counters, 10737418240 ms ovfl timer
[    0.505113] RAPL PMU: hw unit of domain pp0-core 2^-0 Joules
[    0.505114] RAPL PMU: hw unit of domain package 2^-0 Joules
[    0.505114] RAPL PMU: hw unit of domain dram 2^-0 Joules
[    0.505115] RAPL PMU: hw unit of domain pp1-gpu 2^-0 Joules
[    0.505116] RAPL PMU: hw unit of domain psys 2^-0 Joules
[    0.505127] Simple Boot Flag at 0x36 set to 0x80
[    0.505182] Switched to clocksource tsc
[    0.505329] sha1_ssse3: Using AVX2 optimized SHA-1 implementation
[    0.505360] sha256_ssse3: Using AVX2 optimized SHA-256 implementation
[    0.506300] futex hash table entries: 32768 (order: 9, 2097152 bytes)
[    0.506925] Initialise system trusted keyring
[    0.506941] audit: initializing netlink socket (disabled)
[    0.506956] type=2000 audit(1607433656.446:1): initialized
[    0.521971] HugeTLB registered 1 GB page size, pre-allocated 0 pages
[    0.521973] HugeTLB registered 2 MB page size, pre-allocated 0 pages
[    0.522722] zpool: loaded
[    0.522723] zbud: loaded
[    0.522906] VFS: Disk quotas dquot_6.5.2
[    0.522936] Dquot-cache hash table entries: 512 (order 0, 4096 bytes)
[    0.523074] msgmni has been set to 3633
[    0.523113] Key type big_key registered
[    0.523115] SELinux:  Registering netfilter hooks
[    0.523449] NET: Registered protocol family 38
[    0.523455] Key type asymmetric registered
[    0.523457] Asymmetric key parser 'x509' registered
[    0.523479] Block layer SCSI generic (bsg) driver version 0.4 loaded (major 248)
[    0.523503] io scheduler noop registered
[    0.523504] io scheduler deadline registered (default)
[    0.523521] io scheduler cfq registered
[    0.523522] io scheduler mq-deadline registered
[    0.523524] io scheduler kyber registered
[    0.523803] pcieport 0000:00:15.0: irq 24 for MSI/MSI-X
[    0.524260] pcieport 0000:00:15.1: irq 25 for MSI/MSI-X
[    0.524724] pcieport 0000:00:15.2: irq 26 for MSI/MSI-X
[    0.525178] pcieport 0000:00:15.3: irq 27 for MSI/MSI-X
[    0.525633] pcieport 0000:00:15.4: irq 28 for MSI/MSI-X
[    0.526092] pcieport 0000:00:15.5: irq 29 for MSI/MSI-X
[    0.526546] pcieport 0000:00:15.6: irq 30 for MSI/MSI-X
[    0.527007] pcieport 0000:00:15.7: irq 31 for MSI/MSI-X
[    0.527460] pcieport 0000:00:16.0: irq 32 for MSI/MSI-X
[    0.527930] pcieport 0000:00:16.1: irq 33 for MSI/MSI-X
[    0.528380] pcieport 0000:00:16.2: irq 34 for MSI/MSI-X
[    0.528837] pcieport 0000:00:16.3: irq 35 for MSI/MSI-X
[    0.529288] pcieport 0000:00:16.4: irq 36 for MSI/MSI-X
[    0.529746] pcieport 0000:00:16.5: irq 37 for MSI/MSI-X
[    0.530197] pcieport 0000:00:16.6: irq 38 for MSI/MSI-X
[    0.530656] pcieport 0000:00:16.7: irq 39 for MSI/MSI-X
[    0.531119] pcieport 0000:00:17.0: irq 40 for MSI/MSI-X
[    0.531575] pcieport 0000:00:17.1: irq 41 for MSI/MSI-X
[    0.532032] pcieport 0000:00:17.2: irq 42 for MSI/MSI-X
[    0.532491] pcieport 0000:00:17.3: irq 43 for MSI/MSI-X
[    0.532948] pcieport 0000:00:17.4: irq 44 for MSI/MSI-X
[    0.533413] pcieport 0000:00:17.5: irq 45 for MSI/MSI-X
[    0.533867] pcieport 0000:00:17.6: irq 46 for MSI/MSI-X
[    0.534326] pcieport 0000:00:17.7: irq 47 for MSI/MSI-X
[    0.534782] pcieport 0000:00:18.0: irq 48 for MSI/MSI-X
[    0.535232] pcieport 0000:00:18.1: irq 49 for MSI/MSI-X
[    0.535688] pcieport 0000:00:18.2: irq 50 for MSI/MSI-X
[    0.536140] pcieport 0000:00:18.3: irq 51 for MSI/MSI-X
[    0.536589] pcieport 0000:00:18.4: irq 52 for MSI/MSI-X
[    0.537044] pcieport 0000:00:18.5: irq 53 for MSI/MSI-X
[    0.537495] pcieport 0000:00:18.6: irq 54 for MSI/MSI-X
[    0.537951] pcieport 0000:00:18.7: irq 55 for MSI/MSI-X
[    0.538332] pcieport 0000:00:15.0: Signaling PME through PCIe PME interrupt
[    0.538350] pcie_pme 0000:00:15.0:pcie001: service driver pcie_pme loaded
[    0.538433] pcieport 0000:00:15.1: Signaling PME through PCIe PME interrupt
[    0.538450] pcie_pme 0000:00:15.1:pcie001: service driver pcie_pme loaded
[    0.538533] pcieport 0000:00:15.2: Signaling PME through PCIe PME interrupt
[    0.538550] pcie_pme 0000:00:15.2:pcie001: service driver pcie_pme loaded
[    0.538633] pcieport 0000:00:15.3: Signaling PME through PCIe PME interrupt
[    0.538650] pcie_pme 0000:00:15.3:pcie001: service driver pcie_pme loaded
[    0.538738] pcieport 0000:00:15.4: Signaling PME through PCIe PME interrupt
[    0.538754] pcie_pme 0000:00:15.4:pcie001: service driver pcie_pme loaded
[    0.538838] pcieport 0000:00:15.5: Signaling PME through PCIe PME interrupt
[    0.538855] pcie_pme 0000:00:15.5:pcie001: service driver pcie_pme loaded
[    0.538937] pcieport 0000:00:15.6: Signaling PME through PCIe PME interrupt
[    0.538954] pcie_pme 0000:00:15.6:pcie001: service driver pcie_pme loaded
[    0.539036] pcieport 0000:00:15.7: Signaling PME through PCIe PME interrupt
[    0.539053] pcie_pme 0000:00:15.7:pcie001: service driver pcie_pme loaded
[    0.539136] pcieport 0000:00:16.0: Signaling PME through PCIe PME interrupt
[    0.539153] pcie_pme 0000:00:16.0:pcie001: service driver pcie_pme loaded
[    0.539235] pcieport 0000:00:16.1: Signaling PME through PCIe PME interrupt
[    0.539252] pcie_pme 0000:00:16.1:pcie001: service driver pcie_pme loaded
[    0.539341] pcieport 0000:00:16.2: Signaling PME through PCIe PME interrupt
[    0.539359] pcie_pme 0000:00:16.2:pcie001: service driver pcie_pme loaded
[    0.539443] pcieport 0000:00:16.3: Signaling PME through PCIe PME interrupt
[    0.539460] pcie_pme 0000:00:16.3:pcie001: service driver pcie_pme loaded
[    0.539542] pcieport 0000:00:16.4: Signaling PME through PCIe PME interrupt
[    0.539559] pcie_pme 0000:00:16.4:pcie001: service driver pcie_pme loaded
[    0.539641] pcieport 0000:00:16.5: Signaling PME through PCIe PME interrupt
[    0.539658] pcie_pme 0000:00:16.5:pcie001: service driver pcie_pme loaded
[    0.539745] pcieport 0000:00:16.6: Signaling PME through PCIe PME interrupt
[    0.539762] pcie_pme 0000:00:16.6:pcie001: service driver pcie_pme loaded
[    0.539845] pcieport 0000:00:16.7: Signaling PME through PCIe PME interrupt
[    0.539861] pcie_pme 0000:00:16.7:pcie001: service driver pcie_pme loaded
[    0.539944] pcieport 0000:00:17.0: Signaling PME through PCIe PME interrupt
[    0.539960] pcie_pme 0000:00:17.0:pcie001: service driver pcie_pme loaded
[    0.540044] pcieport 0000:00:17.1: Signaling PME through PCIe PME interrupt
[    0.540061] pcie_pme 0000:00:17.1:pcie001: service driver pcie_pme loaded
[    0.540143] pcieport 0000:00:17.2: Signaling PME through PCIe PME interrupt
[    0.540160] pcie_pme 0000:00:17.2:pcie001: service driver pcie_pme loaded
[    0.540243] pcieport 0000:00:17.3: Signaling PME through PCIe PME interrupt
[    0.540260] pcie_pme 0000:00:17.3:pcie001: service driver pcie_pme loaded
[    0.540348] pcieport 0000:00:17.4: Signaling PME through PCIe PME interrupt
[    0.540365] pcie_pme 0000:00:17.4:pcie001: service driver pcie_pme loaded
[    0.540447] pcieport 0000:00:17.5: Signaling PME through PCIe PME interrupt
[    0.540464] pcie_pme 0000:00:17.5:pcie001: service driver pcie_pme loaded
[    0.540546] pcieport 0000:00:17.6: Signaling PME through PCIe PME interrupt
[    0.540563] pcie_pme 0000:00:17.6:pcie001: service driver pcie_pme loaded
[    0.540646] pcieport 0000:00:17.7: Signaling PME through PCIe PME interrupt
[    0.540667] pcie_pme 0000:00:17.7:pcie001: service driver pcie_pme loaded
[    0.540750] pcieport 0000:00:18.0: Signaling PME through PCIe PME interrupt
[    0.540767] pcie_pme 0000:00:18.0:pcie001: service driver pcie_pme loaded
[    0.540849] pcieport 0000:00:18.1: Signaling PME through PCIe PME interrupt
[    0.540866] pcie_pme 0000:00:18.1:pcie001: service driver pcie_pme loaded
[    0.540948] pcieport 0000:00:18.2: Signaling PME through PCIe PME interrupt
[    0.540965] pcie_pme 0000:00:18.2:pcie001: service driver pcie_pme loaded
[    0.541047] pcieport 0000:00:18.3: Signaling PME through PCIe PME interrupt
[    0.541064] pcie_pme 0000:00:18.3:pcie001: service driver pcie_pme loaded
[    0.541146] pcieport 0000:00:18.4: Signaling PME through PCIe PME interrupt
[    0.541163] pcie_pme 0000:00:18.4:pcie001: service driver pcie_pme loaded
[    0.541246] pcieport 0000:00:18.5: Signaling PME through PCIe PME interrupt
[    0.541263] pcie_pme 0000:00:18.5:pcie001: service driver pcie_pme loaded
[    0.541352] pcieport 0000:00:18.6: Signaling PME through PCIe PME interrupt
