网址:
https://github.com/
https://gitee.com/
https://openharmony.gitee.com
#清华大学开源软件镜像站
https://mirrors.tuna.tsinghua.edu.cn/

常用git库:
https://github.com/torvalds/linux.git
https://github.com/FFmpeg/FFmpeg.git
https://gitee.com/openharmony/kernel_liteos_a.git
https://gitee.com/openharmony/ace_lite_jsfwk.git
https://gitee.com/openharmony/communication_services_softbus_lite.git
https://gitee.com/openharmony/distributedschedule_services_samgr_lite.git
https://github.com/universal-ctags/ctags.git
#仿真
https://github.com/qemu/qemu.git
#busybox
wget https://busybox.net/downloads/busybox-1.31.0.tar.bz2
#这里选择清华源，国内速度会快很多
wget https://mirrors.tuna.tsinghua.edu.cn/kernel/v4.x/linux-4.5.tar.gz
https://github.com/universal-ctags/ctags.git

镜像:
https://gitee.com/mirrors/linux.git
https://gitee.com/caicry/FFmpeg.Mirrors

本地库:
#Web部署
git@gitee.com:weilaidb/web_notebook_online.git



下载超过1G的库提示失败,
[weilai@bogon git]$ git clone https://gitee.com/mirrors/linux.git
Cloning into 'linux'...
remote: Enumerating objects: 101882, done.
remote: Counting objects: 100% (101882/101882), done.
remote: Compressing objects: 100% (43390/43390), done.
error: RPC failed; result=18, HTTP code = 20004 GiB | 3.19 MiB/s      
fatal: The remote end hung up unexpectedly
fatal: early EOF
fatal: index-pack failed
[weilai@bogon git]$ 

修改git config --global http.postBuffer 1048576000
http.postBuffer并不管用，使用先克隆一部分再克隆剩余的。

先将项目的Head版本clone下来：
git clone --depth 1 https://gitee.com/mirrors/linux.git

checkout其它分支：
通过分支名称去拉取其它分支。依次执行如下指令：

$ git remote set-branches origin '远程分支名称'
$ git fetch --depth 1 origin 远程分支名称
fetch --depth 1的作用是拉取该分支的版本深度为1，同理，也是拉取最近一次提交的版本。值也可以改为其他的，比如想拉取最近10次提交的版本历史，则–depth 10这样子。



浅层clone
晕，实在搞不定了，采取极端方法，首先clone一层：

$ git clone --depth=1 http://xxx.git
1
浅层clone成功后，再完整拉取：

$ git fetch --unshallow # 拉取完整当前分支
$ git remote set-branches origin '*' # 追踪所有远程分支
$ git fetch -v # 拉取所有远程分支
至此，终于成功地clone了一个完整的仓库。